#
# There is insufficient memory for the Java Runtime Environment to continue.
# Native memory allocation (mmap) failed to map 65536 bytes. Error detail: Failed to commit metaspace.
# Possible reasons:
#   The system is out of physical RAM or swap space
#   This process is running with CompressedOops enabled, and the Java Heap may be blocking the growth of the native heap
# Possible solutions:
#   Reduce memory load on the system
#   Increase physical memory or swap space
#   Check if swap backing store is full
#   Decrease Java heap size (-Xmx/-Xms)
#   Decrease number of Java threads
#   Decrease Java thread stack sizes (-Xss)
#   Set larger code cache with -XX:ReservedCodeCacheSize=
#   JVM is running with Unscaled Compressed Oops mode in which the Java heap is
#     placed in the first 4GB address space. The Java Heap base address is the
#     maximum limit for the native heap growth. Please use -XX:HeapBaseMinAddress
#     to set the Java Heap base and to place the Java Heap above 4GB virtual address.
# This output file may be truncated or incomplete.
#
#  Out of Memory Error (virtualSpaceNode.cpp:113), pid=18552, tid=16288
#
# JRE version: OpenJDK Runtime Environment Temurin-21.0.6+7 (21.0.6+7) (build 21.0.6+7-LTS)
# Java VM: OpenJDK 64-Bit Server VM Temurin-21.0.6+7 (21.0.6+7-LTS, mixed mode, sharing, tiered, compressed oops, compressed class ptrs, parallel gc, windows-amd64)
# No core dump will be written. Minidumps are not enabled by default on client versions of Windows
#

---------------  S U M M A R Y ------------

Command Line: --add-modules=ALL-SYSTEM --add-opens=java.base/java.util=ALL-UNNAMED --add-opens=java.base/java.lang=ALL-UNNAMED --add-opens=java.base/sun.nio.fs=ALL-UNNAMED -Declipse.application=org.eclipse.jdt.ls.core.id1 -Dosgi.bundles.defaultStartLevel=4 -Declipse.product=org.eclipse.jdt.ls.core.product -Djava.import.generatesMetadataFilesAtProjectRoot=false -DDetectVMInstallationsJob.disabled=true -Dfile.encoding=utf8 -XX:+UseParallelGC -XX:GCTimeRatio=4 -XX:AdaptiveSizePolicyWeight=90 -Dsun.zip.disableMemoryMapping=true -Xmx1G -Xms100m -Xlog:disable -javaagent:c:\Users\ikari\.vscode\extensions\redhat.java-1.41.1-win32-x64\lombok\lombok-1.18.36.jar -XX:+HeapDumpOnOutOfMemoryError -XX:HeapDumpPath=c:\Users\ikari\AppData\Roaming\Code\User\workspaceStorage\ca043f153c2594da2fbf5e302643e48c\redhat.java -Daether.dependencyCollector.impl=bf c:\Users\ikari\.vscode\extensions\redhat.java-1.41.1-win32-x64\server\plugins\org.eclipse.equinox.launcher_1.7.0.v20250331-1702.jar -configuration c:\Users\ikari\AppData\Roaming\Code\User\globalStorage\redhat.java\1.41.1\config_win -data c:\Users\ikari\AppData\Roaming\Code\User\workspaceStorage\ca043f153c2594da2fbf5e302643e48c\redhat.java\jdt_ws --pipe=\\.\pipe\lsp-1a2f6bb058fba8ffbecfc6d819434cc3-sock

Host: AMD Ryzen 7 4700U with Radeon Graphics         , 8 cores, 7G,  Windows 11 , 64 bit Build 22621 (10.0.22621.4974)
Time: Sat Apr  5 16:46:19 2025 W. Central Africa Standard Time elapsed time: 16.454656 seconds (0d 0h 0m 16s)

---------------  T H R E A D  ---------------

Current thread (0x000001cc6f71b7b0):  JavaThread "Start Level: Equinox Container: 952add82-3362-40c2-9b13-f3ce9d5968d5" daemon [_thread_in_vm, id=16288, stack(0x0000000101d00000,0x0000000101e00000) (1024K)]

Stack: [0x0000000101d00000,0x0000000101e00000]
Native frames: (J=compiled Java code, j=interpreted, Vv=VM code, C=native code)
V  [jvm.dll+0x6cdee9]
V  [jvm.dll+0x8a83d1]
V  [jvm.dll+0x8aa8fe]
V  [jvm.dll+0x8aafe3]
V  [jvm.dll+0x27f706]
V  [jvm.dll+0x8a411e]
V  [jvm.dll+0x670385]
V  [jvm.dll+0x6703ea]
V  [jvm.dll+0x672bd2]
V  [jvm.dll+0x672aa2]
V  [jvm.dll+0x670d5e]
V  [jvm.dll+0x26941f]
V  [jvm.dll+0x67afc5]
V  [jvm.dll+0x21561d]
V  [jvm.dll+0x215b9a]
V  [jvm.dll+0x2165c5]
V  [jvm.dll+0x20bb8e]
V  [jvm.dll+0x5ae3ec]
V  [jvm.dll+0x21d24a]
V  [jvm.dll+0x820d9c]
V  [jvm.dll+0x821dc4]
V  [jvm.dll+0x8225b0]
V  [jvm.dll+0x2169bc]
V  [jvm.dll+0x20bba7]
V  [jvm.dll+0x5ae3ec]
V  [jvm.dll+0x21d24a]
V  [jvm.dll+0x820d9c]
V  [jvm.dll+0x821dc4]
V  [jvm.dll+0x822392]
V  [jvm.dll+0x822018]
V  [jvm.dll+0x26cd7b]
V  [jvm.dll+0x3d479e]
C  0x000001cc5ef59274

The last pc belongs to new (printed below).
Java frames: (J=compiled Java code, j=interpreted, Vv=VM code)
j  sun.util.cldr.CLDRLocaleProviderAdapter.lambda$getTimeZoneNameProvider$3()Ljava/util/spi/TimeZoneNameProvider;+0 java.base@21.0.6
j  sun.util.cldr.CLDRLocaleProviderAdapter$$Lambda+0x000001cc01358cc0.run()Ljava/lang/Object;+4 java.base@21.0.6
J 2313 c1 java.security.AccessController.doPrivileged(Ljava/security/PrivilegedAction;)Ljava/lang/Object; java.base@21.0.6 (9 bytes) @ 0x000001cc57e5ab54 [0x000001cc57e5a9e0+0x0000000000000174]
j  sun.util.cldr.CLDRLocaleProviderAdapter.getTimeZoneNameProvider()Ljava/util/spi/TimeZoneNameProvider;+13 java.base@21.0.6
j  sun.util.locale.provider.JRELocaleProviderAdapter.getLocaleServiceProvider(Ljava/lang/Class;)Ljava/util/spi/LocaleServiceProvider;+417 java.base@21.0.6
j  sun.util.locale.provider.LocaleServiceProviderPool.findProviders(Ljava/util/Locale;Z)Ljava/util/List;+68 java.base@21.0.6
j  sun.util.locale.provider.LocaleServiceProviderPool.getLocalizedObjectImpl(Lsun/util/locale/provider/LocaleServiceProviderPool$LocalizedObjectGetter;Ljava/util/Locale;ZLjava/lang/String;[Ljava/lang/Object;)Ljava/lang/Object;+53 java.base@21.0.6
j  sun.util.locale.provider.LocaleServiceProviderPool.getLocalizedObject(Lsun/util/locale/provider/LocaleServiceProviderPool$LocalizedObjectGetter;Ljava/util/Locale;Ljava/lang/String;[Ljava/lang/Object;)Ljava/lang/Object;+7 java.base@21.0.6
j  sun.util.locale.provider.TimeZoneNameUtility.retrieveDisplayNamesImpl(Ljava/lang/String;Ljava/util/Locale;)[Ljava/lang/String;+140 java.base@21.0.6
j  sun.util.locale.provider.TimeZoneNameUtility.retrieveDisplayName(Ljava/lang/String;ZILjava/util/Locale;)Ljava/lang/String;+2 java.base@21.0.6
j  java.util.TimeZone.getDisplayName(ZILjava/util/Locale;)Ljava/lang/String;+47 java.base@21.0.6
j  java.util.Date.toString()Ljava/lang/String;+150 java.base@21.0.6
J 902 c1 java.lang.String.valueOf(Ljava/lang/Object;)Ljava/lang/String; java.base@21.0.6 (15 bytes) @ 0x000001cc57b764fc [0x000001cc57b763c0+0x000000000000013c]
j  org.springframework.tooling.jdt.ls.commons.Logger$DefaultLogger.<init>(Z)V+77
j  org.springframework.tooling.jdt.ls.commons.Logger.<clinit>()V+5
v  ~StubRoutines::call_stub 0x000001cc5ef4100d
j  org.springframework.tooling.jdt.ls.extension.JdtLsExtensionPlugin.start(Lorg/osgi/framework/BundleContext;)V+14
j  org.eclipse.osgi.internal.framework.BundleContextImpl$2.run()Ljava/lang/Void;+23
j  org.eclipse.osgi.internal.framework.BundleContextImpl$2.run()Ljava/lang/Object;+1
J 4557 c1 java.security.AccessController.doPrivileged(Ljava/security/PrivilegedExceptionAction;)Ljava/lang/Object; java.base@21.0.6 (22 bytes) @ 0x000001cc58383654 [0x000001cc583835e0+0x0000000000000074]
j  org.eclipse.osgi.internal.framework.BundleContextImpl.startActivator(Lorg/osgi/framework/BundleActivator;)V+9
j  org.eclipse.osgi.internal.framework.BundleContextImpl.start()V+141
j  org.eclipse.osgi.internal.framework.EquinoxBundle.startWorker0()V+35
j  org.eclipse.osgi.internal.framework.EquinoxBundle$EquinoxModule.startWorker()V+4
j  org.eclipse.osgi.container.Module.doStart([Lorg/eclipse/osgi/container/Module$StartOptions;)Lorg/eclipse/osgi/container/ModuleContainerAdaptor$ModuleEvent;+200
J 3062 c1 org.eclipse.osgi.container.Module.start([Lorg/eclipse/osgi/container/Module$StartOptions;)V (662 bytes) @ 0x000001cc5803ff04 [0x000001cc5803de40+0x00000000000020c4]
j  org.eclipse.osgi.container.ModuleContainer$ContainerStartLevel$2.run()V+83
j  org.eclipse.osgi.internal.framework.EquinoxContainerAdaptor$1$1.execute(Ljava/lang/Runnable;)V+1
j  org.eclipse.osgi.container.ModuleContainer$ContainerStartLevel.incStartLevel(ILjava/util/List;Z)V+193
j  org.eclipse.osgi.container.ModuleContainer$ContainerStartLevel.incStartLevel(ILjava/util/List;Ljava/util/List;Ljava/util/List;Ljava/util/List;)V+19
j  org.eclipse.osgi.container.ModuleContainer$ContainerStartLevel.doContainerStartLevel(Lorg/eclipse/osgi/container/Module;I[Lorg/osgi/framework/FrameworkListener;)V+358
j  org.eclipse.osgi.container.ModuleContainer$ContainerStartLevel.dispatchEvent(Lorg/eclipse/osgi/container/Module;[Lorg/osgi/framework/FrameworkListener;ILjava/lang/Integer;)V+32
j  org.eclipse.osgi.container.ModuleContainer$ContainerStartLevel.dispatchEvent(Ljava/lang/Object;Ljava/lang/Object;ILjava/lang/Object;)V+15
j  org.eclipse.osgi.framework.eventmgr.EventManager.dispatchEvent(Ljava/util/Set;Lorg/eclipse/osgi/framework/eventmgr/EventDispatcher;ILjava/lang/Object;)V+48
j  org.eclipse.osgi.framework.eventmgr.EventManager$EventThread.run()V+26
v  ~StubRoutines::call_stub 0x000001cc5ef4100d
new  187 new  [0x000001cc5ef590e0, 0x000001cc5ef592e8]  520 bytes
[MachCode]
  0x000001cc5ef590e0: 4883 ec08 | c5fa 1104 | 24eb 1f48 | 83ec 10c5 | fb11 0424 | eb14 4883 | ec10 4889 | 0424 48c7 
  0x000001cc5ef59100: 4424 0800 | 0000 00eb | 0150 410f | b755 010f | cac1 ea10 | 488b 4de8 | 488b 4908 | 488b 4908 
  0x000001cc5ef59120: 488b 4108 | 807c 1004 | 070f 85d3 | 0000 0066 | 8b54 d148 | 488b 4928 | 488b 4cd1 | 0851 80b9 
  0x000001cc5ef59140: 2101 0000 | 040f 85b6 | 0000 008b | 5108 f6c2 | 010f 85aa | 0000 0049 | 8b87 b801 | 0000 488d 
  0x000001cc5ef59160: 1c10 493b | 9fc8 0100 | 000f 8792 | 0000 0049 | 899f b801 | 0000 4883 | ea10 0f84 | 0f00 0000 
  0x000001cc5ef59180: 33c9 c1ea | 0348 894c | d008 48ff | ca75 f648 | c700 0100 | 0000 5933 | f689 700c | 49ba 0000 
  0x000001cc5ef591a0: 0000 cc01 | 0000 492b | ca89 4808 | 49ba 365b | 5e70 fa7f | 0000 4180 | 3a00 0f84 | 3c00 0000 
  0x000001cc5ef591c0: 5048 8bc8 | 4883 ec20 | 40f6 c40f | 0f84 1900 | 0000 4883 | ec08 48b8 | 004c 0870 | fa7f 0000 
  0x000001cc5ef591e0: ffd0 4883 | c408 e90c | 0000 0048 | b800 4c08 | 70fa 7f00 | 00ff d048 | 83c4 2058 | e9cb 0000 
  0x000001cc5ef59200: 0059 488b | 55e8 488b | 5208 488b | 5208 450f | b745 0141 | 0fc8 41c1 | e810 e805 | 0000 00e9 
  0x000001cc5ef59220: a800 0000 | 488d 4424 | 084c 896d | c049 8bcf | c5f8 7749 | 89af a803 | 0000 4989 | 8798 0300 
  0x000001cc5ef59240: 0048 83ec | 2040 f6c4 | 0f0f 8419 | 0000 0048 | 83ec 0848 | b850 47d2 | 6ffa 7f00 | 00ff d048 
  0x000001cc5ef59260: 83c4 08e9 | 0c00 0000 | 48b8 5047 | d26f fa7f | 0000 ffd0 | 4883 c420 | 49c7 8798 | 0300 0000 
  0x000001cc5ef59280: 0000 0049 | c787 a803 | 0000 0000 | 0000 49c7 | 87a0 0300 | 0000 0000 | 00c5 f877 | 4983 7f08 
  0x000001cc5ef592a0: 000f 8405 | 0000 00e9 | 547c feff | 498b 87f0 | 0300 0049 | c787 f003 | 0000 0000 | 0000 4c8b 
  0x000001cc5ef592c0: 6dc0 4c8b | 75c8 4e8d | 74f5 00c3 | 410f b65d | 0349 83c5 | 0349 ba30 | 2161 70fa | 7f00 0041 
  0x000001cc5ef592e0: ff24 da0f | 1f44 0000 
[/MachCode]

Compiled method (c1) 16529 2313       3       java.security.AccessController::doPrivileged (9 bytes)
 total in heap  [0x000001cc57e5a810,0x000001cc57e5ae58] = 1608
 relocation     [0x000001cc57e5a970,0x000001cc57e5a9e0] = 112
 main code      [0x000001cc57e5a9e0,0x000001cc57e5acc0] = 736
 stub code      [0x000001cc57e5acc0,0x000001cc57e5ad18] = 88
 metadata       [0x000001cc57e5ad18,0x000001cc57e5ad30] = 24
 scopes data    [0x000001cc57e5ad30,0x000001cc57e5adb0] = 128
 scopes pcs     [0x000001cc57e5adb0,0x000001cc57e5ae40] = 144
 dependencies   [0x000001cc57e5ae40,0x000001cc57e5ae48] = 8
 nul chk table  [0x000001cc57e5ae48,0x000001cc57e5ae58] = 16

[Constant Pool (empty)]

[MachCode]
[Verified Entry Point]
  # {method} {0x000001cc0046ca20} 'doPrivileged' '(Ljava/security/PrivilegedAction;)Ljava/lang/Object;' in 'java/security/AccessController'
  # parm0:    rdx:rdx   = 'java/security/PrivilegedAction'
  #           [sp+0x70]  (sp of caller)
  0x000001cc57e5a9e0: 8984 2400 | 80ff ff55 | 4883 ec60 | 4181 7f20 | 0200 0000 

  0x000001cc57e5a9f4: ;   {runtime_call StubRoutines (final stubs)}
  0x000001cc57e5a9f4: 7405 e8e5 

  0x000001cc57e5a9f8: ;   {metadata(method data for {method} {0x000001cc0046ca20} 'doPrivileged' '(Ljava/security/PrivilegedAction;)Ljava/lang/Object;' in 'java/security/AccessController')}
  0x000001cc57e5a9f8: df11 0748 | bea0 af08 | 6bcc 0100 | 008b becc | 0000 0083 | c702 89be | cc00 0000 | 81e7 fe07 
  0x000001cc57e5aa18: 0000 85ff | 0f84 d401 | 0000 4889 

  0x000001cc57e5aa24: ;   {metadata(method data for {method} {0x000001cc0046ca20} 'doPrivileged' '(Ljava/security/PrivilegedAction;)Ljava/lang/Object;' in 'java/security/AccessController')}
  0x000001cc57e5aa24: 5424 4048 | bea0 af08 | 6bcc 0100 | 0048 8386 | 1001 0000 | 0166 0f1f 

  0x000001cc57e5aa3c: ;   {static_call}
  0x000001cc57e5aa3c: 4400 00e8 

  0x000001cc57e5aa40: ; ImmutableOopMap {[64]=Oop }
                      ;*invokestatic getCallerClass {reexecute=0 rethrow=0 return_oop=0}
                      ; - java.security.AccessController::doPrivileged@2
  0x000001cc57e5aa40: 9cb0 6a07 

  0x000001cc57e5aa44: ;   {other}
  0x000001cc57e5aa44: 0f1f 8400 | 3402 0000 

  0x000001cc57e5aa4c: ;   {metadata(method data for {method} {0x000001cc0046ca20} 'doPrivileged' '(Ljava/security/PrivilegedAction;)Ljava/lang/Object;' in 'java/security/AccessController')}
  0x000001cc57e5aa4c: 48ba a0af | 086b cc01 | 0000 4883 | 8220 0100 

  0x000001cc57e5aa5c: ;   {metadata(method data for {method} {0x000001cc0046ce08} 'executePrivileged' '(Ljava/security/PrivilegedAction;Ljava/security/AccessControlContext;Ljava/lang/Class;)Ljava/lang/Object;' in 'java/security/AccessController')}
  0x000001cc57e5aa5c: 0001 48ba | 10b1 086b | cc01 0000 | 8bb2 cc00 | 0000 83c6 | 0289 b2cc | 0000 0081 | e6fe ff1f 
  0x000001cc57e5aa7c: 0085 f60f | 8492 0100 

  0x000001cc57e5aa84: ;   {metadata(method data for {method} {0x000001cc0046ce08} 'executePrivileged' '(Ljava/security/PrivilegedAction;Ljava/security/AccessControlContext;Ljava/lang/Class;)Ljava/lang/Object;' in 'java/security/AccessController')}
  0x000001cc57e5aa84: 0048 ba10 | b108 6bcc | 0100 00ff | 8210 0100 

  0x000001cc57e5aa94: ;   {metadata(method data for {method} {0x000001cc0046ce08} 'executePrivileged' '(Ljava/security/PrivilegedAction;Ljava/security/AccessControlContext;Ljava/lang/Class;)Ljava/lang/Object;' in 'java/security/AccessController')}
  0x000001cc57e5aa94: 0048 ba10 | b108 6bcc | 0100 00ff | 8240 0100 | 0048 8944 | 2448 488b | 5424 4048 | 3b02 488b 
  0x000001cc57e5aab4: ;   {metadata(method data for {method} {0x000001cc0046ce08} 'executePrivileged' '(Ljava/security/PrivilegedAction;Ljava/security/AccessControlContext;Ljava/lang/Class;)Ljava/lang/Object;' in 'java/security/AccessController')}
  0x000001cc57e5aab4: f248 bf10 | b108 6bcc | 0100 008b | 7608 49ba | 0000 0000 | cc01 0000 | 4903 f248 | 3bb7 b001 
  0x000001cc57e5aad4: 0000 750d | 4883 87b8 | 0100 0001 | e960 0000 | 0048 3bb7 | c001 0000 | 750d 4883 | 87c8 0100 
  0x000001cc57e5aaf4: 0001 e94a | 0000 0048 | 83bf b001 | 0000 0075 | 1748 89b7 | b001 0000 | 48c7 87b8 | 0100 0001 
  0x000001cc57e5ab14: 0000 00e9 | 2900 0000 | 4883 bfc0 | 0100 0000 | 7517 4889 | b7c0 0100 | 0048 c787 | c801 0000 
  0x000001cc57e5ab34: 0100 0000 | e908 0000 | 0048 8387 | a001 0000 | 0148 b8b0 | ef2e 6fcc 

  0x000001cc57e5ab4c: ;   {virtual_call}
  0x000001cc57e5ab4c: 0100 00e8 

  0x000001cc57e5ab50: ; ImmutableOopMap {[72]=Oop }
                      ;*invokeinterface run {reexecute=0 rethrow=0 return_oop=0}
                      ; - java.security.AccessController::executePrivileged@29
                      ; - java.security.AccessController::doPrivileged@5
  0x000001cc57e5ab50: bcf1 1e07 

  0x000001cc57e5ab54: ;   {other}
  0x000001cc57e5ab54: 0f1f 8400 | 4403 0001 

  0x000001cc57e5ab5c: ;   {metadata(method data for {method} {0x000001cc0046ce08} 'executePrivileged' '(Ljava/security/PrivilegedAction;Ljava/security/AccessControlContext;Ljava/lang/Class;)Ljava/lang/Object;' in 'java/security/AccessController')}
  0x000001cc57e5ab5c: 48be 10b1 | 086b cc01 | 0000 ff86 | d801 0000 | 488b 7424 

  0x000001cc57e5ab70: ;   {metadata(method data for {method} {0x000001cc0046ce08} 'executePrivileged' '(Ljava/security/PrivilegedAction;Ljava/security/AccessControlContext;Ljava/lang/Class;)Ljava/lang/Object;' in 'java/security/AccessController')}
  0x000001cc57e5ab70: 4848 bf10 | b108 6bcc | 0100 0048 | 8387 3802 

  0x000001cc57e5ab80: ;   {metadata(method data for {method} {0x000001cc0003d050} 'reachabilityFence' '(Ljava/lang/Object;)V' in 'java/lang/ref/Reference')}
  0x000001cc57e5ab80: 0000 0148 | bf68 0006 | 6bcc 0100 | 008b 9fcc | 0000 0083 | c302 899f | cc00 0000 | 81e3 feff 
  0x000001cc57e5aba0: 1f00 85db | 0f84 9300 

  0x000001cc57e5aba8: ;   {metadata(method data for {method} {0x000001cc0046ce08} 'executePrivileged' '(Ljava/security/PrivilegedAction;Ljava/security/AccessControlContext;Ljava/lang/Class;)Ljava/lang/Object;' in 'java/security/AccessController')}
  0x000001cc57e5aba8: 0000 48be | 10b1 086b | cc01 0000 | 4883 8648 | 0200 0001 

  0x000001cc57e5abbc: ;   {metadata(method data for {method} {0x000001cc0003d050} 'reachabilityFence' '(Ljava/lang/Object;)V' in 'java/lang/ref/Reference')}
  0x000001cc57e5abbc: 48be 6800 | 066b cc01 | 0000 8bbe | cc00 0000 | 83c7 0289 | becc 0000 | 0081 e7fe | ff1f 0085 
  0x000001cc57e5abdc: ff0f 847b | 0000 0048 | 83c4 605d 

  0x000001cc57e5abe8: ;   {poll_return}
  0x000001cc57e5abe8: 493b a748 | 0400 000f | 878a 0000 

  0x000001cc57e5abf4: ;   {metadata({method} {0x000001cc0046ca20} 'doPrivileged' '(Ljava/security/PrivilegedAction;)Ljava/lang/Object;' in 'java/security/AccessController')}
  0x000001cc57e5abf4: 00c3 49ba | 18ca 4600 | cc01 0000 | 4c89 5424 | 0848 c704 | 24ff ffff 

  0x000001cc57e5ac0c: ;   {runtime_call counter_overflow Runtime1 stub}
  0x000001cc57e5ac0c: ffe8 6eb0 

  0x000001cc57e5ac10: ; ImmutableOopMap {rdx=Oop }
                      ;*synchronization entry
                      ; - java.security.AccessController::doPrivileged@-1
  0x000001cc57e5ac10: 1e07 e90b 

  0x000001cc57e5ac14: ;   {metadata({method} {0x000001cc0046ce08} 'executePrivileged' '(Ljava/security/PrivilegedAction;Ljava/security/AccessControlContext;Ljava/lang/Class;)Ljava/lang/Object;' in 'java/security/AccessController')}
  0x000001cc57e5ac14: feff ff49 | ba00 ce46 | 00cc 0100 | 004c 8954 | 2408 48c7 | 0424 ffff 

  0x000001cc57e5ac2c: ;   {runtime_call counter_overflow Runtime1 stub}
  0x000001cc57e5ac2c: ffff e84d 

  0x000001cc57e5ac30: ; ImmutableOopMap {rax=Oop [64]=Oop }
                      ;*synchronization entry
                      ; - java.security.AccessController::executePrivileged@-1
                      ; - java.security.AccessController::doPrivileged@5
  0x000001cc57e5ac30: b01e 07e9 | 4dfe ffff 

  0x000001cc57e5ac38: ;   {runtime_call throw_null_pointer_exception Runtime1 stub}
  0x000001cc57e5ac38: e8c3 7315 

  0x000001cc57e5ac3c: ; ImmutableOopMap {rdx=Oop [72]=Oop }
                      ;*invokeinterface run {reexecute=0 rethrow=0 return_oop=0}
                      ; - java.security.AccessController::executePrivileged@29
                      ; - java.security.AccessController::doPrivileged@5
                      ;   {metadata({method} {0x000001cc0003d050} 'reachabilityFence' '(Ljava/lang/Object;)V' in 'java/lang/ref/Reference')}
  0x000001cc57e5ac3c: 0749 ba48 | d003 00cc | 0100 004c | 8954 2408 | 48c7 0424 | ffff ffff 

  0x000001cc57e5ac54: ;   {runtime_call counter_overflow Runtime1 stub}
  0x000001cc57e5ac54: e827 b01e 

  0x000001cc57e5ac58: ; ImmutableOopMap {rax=Oop rsi=Oop }
                      ;*synchronization entry
                      ; - java.lang.ref.Reference::reachabilityFence@-1
                      ; - java.security.AccessController::executePrivileged@56
                      ; - java.security.AccessController::doPrivileged@5
  0x000001cc57e5ac58: 07e9 4cff 

  0x000001cc57e5ac5c: ;   {metadata({method} {0x000001cc0003d050} 'reachabilityFence' '(Ljava/lang/Object;)V' in 'java/lang/ref/Reference')}
  0x000001cc57e5ac5c: ffff 49ba | 48d0 0300 | cc01 0000 | 4c89 5424 | 0848 c704 | 24ff ffff 

  0x000001cc57e5ac74: ;   {runtime_call counter_overflow Runtime1 stub}
  0x000001cc57e5ac74: ffe8 06b0 

  0x000001cc57e5ac78: ; ImmutableOopMap {rax=Oop }
                      ;*synchronization entry
                      ; - java.lang.ref.Reference::reachabilityFence@-1
                      ; - java.security.AccessController::executePrivileged@60
                      ; - java.security.AccessController::doPrivileged@5
  0x000001cc57e5ac78: 1e07 e964 

  0x000001cc57e5ac7c: ;   {internal_word}
  0x000001cc57e5ac7c: ffff ff49 | bae8 abe5 | 57cc 0100 | 004d 8997 | 6004 0000 

  0x000001cc57e5ac90: ;   {runtime_call SafepointBlob}
  0x000001cc57e5ac90: e96b 9e13 | 0749 8b87 | f804 0000 | 49c7 87f8 | 0400 0000 | 0000 0049 | c787 0005 | 0000 0000 
  0x000001cc57e5acb0: 0000 4883 

  0x000001cc57e5acb4: ;   {runtime_call unwind_exception Runtime1 stub}
  0x000001cc57e5acb4: c460 5de9 | 4482 1507 | f4f4 f4f4 
[Stub Code]
  0x000001cc57e5acc0: ;   {no_reloc}
  0x000001cc57e5acc0: 0f1f 4400 

  0x000001cc57e5acc4: ;   {static_stub}
  0x000001cc57e5acc4: 0048 bb00 | 0000 0000 

  0x000001cc57e5accc: ;   {runtime_call nmethod}
  0x000001cc57e5accc: 0000 00e9 | fbff ffff 

  0x000001cc57e5acd4: ;   {static_stub}
  0x000001cc57e5acd4: 48bb 0000 | 0000 0000 

  0x000001cc57e5acdc: ;   {runtime_call nmethod}
  0x000001cc57e5acdc: 0000 e9fb 

  0x000001cc57e5ace0: ;   {runtime_call handle_exception_from_callee Runtime1 stub}
  0x000001cc57e5ace0: ffff ffe8 | 1855 1507 

  0x000001cc57e5ace8: ;   {external_word}
  0x000001cc57e5ace8: 48b9 907f | 3470 fa7f | 0000 4883 

  0x000001cc57e5acf4: ;   {runtime_call}
  0x000001cc57e5acf4: e4f0 48b8 | f042 f76f | fa7f 0000 

  0x000001cc57e5ad00: ;   {section_word}
  0x000001cc57e5ad00: ffd0 f449 | ba03 ade5 | 57cc 0100 

  0x000001cc57e5ad0c: ;   {runtime_call DeoptimizationBlob}
  0x000001cc57e5ad0c: 0041 52e9 | 8c90 1307 | f4f4 f4f4 
[/MachCode]


Compiled method (c1) 16557  902       3       java.lang.String::valueOf (15 bytes)
 total in heap  [0x000001cc57b76210,0x000001cc57b76650] = 1088
 relocation     [0x000001cc57b76370,0x000001cc57b763b8] = 72
 main code      [0x000001cc57b763c0,0x000001cc57b76580] = 448
 stub code      [0x000001cc57b76580,0x000001cc57b765c8] = 72
 metadata       [0x000001cc57b765c8,0x000001cc57b765d0] = 8
 scopes data    [0x000001cc57b765d0,0x000001cc57b765e8] = 24
 scopes pcs     [0x000001cc57b765e8,0x000001cc57b76638] = 80
 dependencies   [0x000001cc57b76638,0x000001cc57b76640] = 8
 nul chk table  [0x000001cc57b76640,0x000001cc57b76650] = 16

[Constant Pool (empty)]

[MachCode]
[Verified Entry Point]
  # {method} {0x000001cc00451248} 'valueOf' '(Ljava/lang/Object;)Ljava/lang/String;' in 'java/lang/String'
  # parm0:    rdx:rdx   = 'java/lang/Object'
  #           [sp+0x30]  (sp of caller)
  0x000001cc57b763c0: 8984 2400 | 80ff ff55 | 4883 ec20 | 4181 7f20 | 0200 0000 

  0x000001cc57b763d4: ;   {runtime_call StubRoutines (final stubs)}
  0x000001cc57b763d4: 7405 e805 

  0x000001cc57b763d8: ;   {metadata(method data for {method} {0x000001cc00451248} 'valueOf' '(Ljava/lang/Object;)Ljava/lang/String;' in 'java/lang/String')}
  0x000001cc57b763d8: 2640 0748 | be40 1a0a | 6bcc 0100 | 008b becc | 0000 0083 | c702 89be | cc00 0000 | 81e7 fe07 
  0x000001cc57b763f8: 0000 85ff | 0f84 1b01 | 0000 4885 

  0x000001cc57b76404: ;   {metadata(method data for {method} {0x000001cc00451248} 'valueOf' '(Ljava/lang/Object;)Ljava/lang/String;' in 'java/lang/String')}
  0x000001cc57b76404: d248 be40 | 1a0a 6bcc | 0100 0048 | c7c7 1001 | 0000 7507 | 48c7 c720 | 0100 0048 | 8b1c 3e48 
  0x000001cc57b76424: 8d5b 0148 | 891c 3e0f | 851f 0000 

  0x000001cc57b76430: ;   {metadata(method data for {method} {0x000001cc00451248} 'valueOf' '(Ljava/lang/Object;)Ljava/lang/String;' in 'java/lang/String')}
  0x000001cc57b76430: 0048 ba40 | 1a0a 6bcc | 0100 00ff | 8230 0100 

  0x000001cc57b76440: ;   {oop("null"{0x00000000c0000070})}
  0x000001cc57b76440: 0048 be70 | 0000 c000 | 0000 00e9 | b700 0000 

  0x000001cc57b76450: ; implicit exception: dispatches to 0x000001cc57b7653e
  0x000001cc57b76450: 483b 0248 

  0x000001cc57b76454: ;   {metadata(method data for {method} {0x000001cc00451248} 'valueOf' '(Ljava/lang/Object;)Ljava/lang/String;' in 'java/lang/String')}
  0x000001cc57b76454: 8bf2 48bf | 401a 0a6b | cc01 0000 | 8b76 0849 | ba00 0000 | 00cc 0100 | 0049 03f2 | 483b b758 
  0x000001cc57b76474: 0100 0075 | 0d48 8387 | 6001 0000 | 01e9 6000 | 0000 483b | b768 0100 | 0075 0d48 | 8387 7001 
  0x000001cc57b76494: 0000 01e9 | 4a00 0000 | 4883 bf58 | 0100 0000 | 7517 4889 | b758 0100 | 0048 c787 | 6001 0000 
  0x000001cc57b764b4: 0100 0000 | e929 0000 | 0048 83bf | 6801 0000 | 0075 1748 | 89b7 6801 | 0000 48c7 | 8770 0100 
  0x000001cc57b764d4: 0001 0000 | 00e9 0800 | 0000 4883 | 8748 0100 | 0001 0f1f | 8000 0000 | 0048 b8ff | ffff ffff 
  0x000001cc57b764f4: ;   {virtual_call}
  0x000001cc57b764f4: ffff ffe8 

  0x000001cc57b764f8: ; ImmutableOopMap {}
                      ;*invokevirtual toString {reexecute=0 rethrow=0 return_oop=0}
                      ; - java.lang.String::valueOf@11
  0x000001cc57b764f8: 9c3c 4d07 

  0x000001cc57b764fc: ;   {other}
  0x000001cc57b764fc: 0f1f 8400 | ec02 0000 | 488b f048 | 8bc6 4883 

  0x000001cc57b7650c: ;   {poll_return}
  0x000001cc57b7650c: c420 5d49 | 3ba7 4804 | 0000 0f87 | 2700 0000 

  0x000001cc57b7651c: ;   {metadata({method} {0x000001cc00451248} 'valueOf' '(Ljava/lang/Object;)Ljava/lang/String;' in 'java/lang/String')}
  0x000001cc57b7651c: c349 ba40 | 1245 00cc | 0100 004c | 8954 2408 | 48c7 0424 | ffff ffff 

  0x000001cc57b76534: ;   {runtime_call counter_overflow Runtime1 stub}
  0x000001cc57b76534: e847 f74c 

  0x000001cc57b76538: ; ImmutableOopMap {rdx=Oop }
                      ;*synchronization entry
                      ; - java.lang.String::valueOf@-1
  0x000001cc57b76538: 07e9 c4fe 

  0x000001cc57b7653c: ;   {runtime_call throw_null_pointer_exception Runtime1 stub}
  0x000001cc57b7653c: ffff e8bd 

  0x000001cc57b76540: ; ImmutableOopMap {rdx=Oop }
                      ;*invokevirtual toString {reexecute=0 rethrow=0 return_oop=0}
                      ; - java.lang.String::valueOf@11
                      ;   {internal_word}
  0x000001cc57b76540: ba43 0749 | ba0f 65b7 | 57cc 0100 | 004d 8997 | 6004 0000 

  0x000001cc57b76554: ;   {runtime_call SafepointBlob}
  0x000001cc57b76554: e9a7 e541 | 0749 8b87 | f804 0000 | 49c7 87f8 | 0400 0000 | 0000 0049 | c787 0005 | 0000 0000 
  0x000001cc57b76574: 0000 4883 

  0x000001cc57b76578: ;   {runtime_call unwind_exception Runtime1 stub}
  0x000001cc57b76578: c420 5de9 | 80c9 4307 
[Stub Code]
  0x000001cc57b76580: ;   {no_reloc}
  0x000001cc57b76580: 0f1f 4400 

  0x000001cc57b76584: ;   {static_stub}
  0x000001cc57b76584: 0048 bb00 | 0000 0000 

  0x000001cc57b7658c: ;   {runtime_call nmethod}
  0x000001cc57b7658c: 0000 00e9 | fbff ffff 
[Exception Handler]
  0x000001cc57b76594: ;   {runtime_call handle_exception_from_callee Runtime1 stub}
  0x000001cc57b76594: e867 9c43 

  0x000001cc57b76598: ;   {external_word}
  0x000001cc57b76598: 0748 b990 | 7f34 70fa | 7f00 0048 

  0x000001cc57b765a4: ;   {runtime_call}
  0x000001cc57b765a4: 83e4 f048 | b8f0 42f7 | 6ffa 7f00 | 00ff d0f4 
[Deopt Handler Code]
  0x000001cc57b765b4: ;   {section_word}
  0x000001cc57b765b4: 49ba b465 | b757 cc01 | 0000 4152 

  0x000001cc57b765c0: ;   {runtime_call DeoptimizationBlob}
  0x000001cc57b765c0: e9db d741 | 07f4 f4f4 
[/MachCode]


---------------  P R O C E S S  ---------------

Threads class SMR info:
_java_thread_list=0x000001cc6f3cc3c0, length=25, elements={
0x000001cc54820e30, 0x000001cc68bd06a0, 0x000001cc68bd2330, 0x000001cc68bd3240,
0x000001cc68bd4150, 0x000001cc68bd6e70, 0x000001cc68bd88d0, 0x000001cc68bd9700,
0x000001cc6a60a930, 0x000001cc5488a2b0, 0x000001cc6a8bf950, 0x000001cc6f36b4d0,
0x000001cc6f43a6a0, 0x000001cc6f71b150, 0x000001cc6f71b7b0, 0x000001cc6fbef5e0,
0x000001cc6a998eb0, 0x000001cc6f635e00, 0x000001cc6fe6f190, 0x000001cc6fe6ca30,
0x000001cc6fe6d0c0, 0x000001cc6fe6eb00, 0x000001cc6fe6f820, 0x000001cc6fe6dde0,
0x000001cc6fe6c3a0
}

Java Threads: ( => current thread )
  0x000001cc54820e30 JavaThread "main"                              [_thread_blocked, id=11680, stack(0x0000000100500000,0x0000000100600000) (1024K)]
  0x000001cc68bd06a0 JavaThread "Reference Handler"          daemon [_thread_blocked, id=18728, stack(0x0000000100900000,0x0000000100a00000) (1024K)]
  0x000001cc68bd2330 JavaThread "Finalizer"                  daemon [_thread_blocked, id=23856, stack(0x0000000100a00000,0x0000000100b00000) (1024K)]
  0x000001cc68bd3240 JavaThread "Signal Dispatcher"          daemon [_thread_blocked, id=22724, stack(0x0000000100b00000,0x0000000100c00000) (1024K)]
  0x000001cc68bd4150 JavaThread "Attach Listener"            daemon [_thread_blocked, id=22288, stack(0x0000000100c00000,0x0000000100d00000) (1024K)]
  0x000001cc68bd6e70 JavaThread "Service Thread"             daemon [_thread_blocked, id=21744, stack(0x0000000100d00000,0x0000000100e00000) (1024K)]
  0x000001cc68bd88d0 JavaThread "Monitor Deflation Thread"   daemon [_thread_blocked, id=10116, stack(0x0000000100e00000,0x0000000100f00000) (1024K)]
  0x000001cc68bd9700 JavaThread "C2 CompilerThread0"         daemon [_thread_in_native, id=15820, stack(0x0000000100f00000,0x0000000101000000) (1024K)]
  0x000001cc6a60a930 JavaThread "C1 CompilerThread0"         daemon [_thread_in_vm, id=832, stack(0x0000000101000000,0x0000000101100000) (1024K)]
  0x000001cc5488a2b0 JavaThread "Common-Cleaner"             daemon [_thread_blocked, id=18028, stack(0x0000000101100000,0x0000000101200000) (1024K)]
  0x000001cc6a8bf950 JavaThread "Notification Thread"        daemon [_thread_blocked, id=14072, stack(0x0000000101200000,0x0000000101300000) (1024K)]
  0x000001cc6f36b4d0 JavaThread "Active Thread: Equinox Container: 952add82-3362-40c2-9b13-f3ce9d5968d5"        [_thread_blocked, id=1580, stack(0x0000000101900000,0x0000000101a00000) (1024K)]
  0x000001cc6f43a6a0 JavaThread "Refresh Thread: Equinox Container: 952add82-3362-40c2-9b13-f3ce9d5968d5" daemon [_thread_blocked, id=22712, stack(0x0000000101a00000,0x0000000101b00000) (1024K)]
  0x000001cc6f71b150 JavaThread "Framework Event Dispatcher: Equinox Container: 952add82-3362-40c2-9b13-f3ce9d5968d5" daemon [_thread_blocked, id=16908, stack(0x0000000101c00000,0x0000000101d00000) (1024K)]
=>0x000001cc6f71b7b0 JavaThread "Start Level: Equinox Container: 952add82-3362-40c2-9b13-f3ce9d5968d5" daemon [_thread_in_vm, id=16288, stack(0x0000000101d00000,0x0000000101e00000) (1024K)]
  0x000001cc6fbef5e0 JavaThread "Bundle File Closer"         daemon [_thread_blocked, id=7252, stack(0x0000000101e00000,0x0000000101f00000) (1024K)]
  0x000001cc6a998eb0 JavaThread "SCR Component Actor"        daemon [_thread_blocked, id=18376, stack(0x0000000101f00000,0x0000000102000000) (1024K)]
  0x000001cc6f635e00 JavaThread "SCR Component Registry"     daemon [_thread_blocked, id=20268, stack(0x0000000102000000,0x0000000102100000) (1024K)]
  0x000001cc6fe6f190 JavaThread "Worker-JM"                         [_thread_blocked, id=23244, stack(0x0000000102100000,0x0000000102200000) (1024K)]
  0x000001cc6fe6ca30 JavaThread "JNA Cleaner"                daemon [_thread_blocked, id=18440, stack(0x0000000102200000,0x0000000102300000) (1024K)]
  0x000001cc6fe6d0c0 JavaThread "Worker-0: Repository registry initialization"        [_thread_in_vm, id=12632, stack(0x0000000102300000,0x0000000102400000) (1024K)]
  0x000001cc6fe6eb00 JavaThread "Worker-1"                          [_thread_blocked, id=24252, stack(0x0000000102400000,0x0000000102500000) (1024K)]
  0x000001cc6fe6f820 JavaThread "Worker-2: Initialize After Load"        [_thread_in_vm, id=23876, stack(0x0000000102500000,0x0000000102600000) (1024K)]
  0x000001cc6fe6dde0 JavaThread "Java indexing"              daemon [_thread_blocked, id=13900, stack(0x0000000102600000,0x0000000102700000) (1024K)]
  0x000001cc6fe6c3a0 JavaThread "Worker-3"                          [_thread_blocked, id=24036, stack(0x0000000102700000,0x0000000102800000) (1024K)]
Total: 25

Other Threads:
  0x000001cc548de990 VMThread "VM Thread"                           [id=3076, stack(0x0000000100800000,0x0000000100900000) (1024K)]
  0x000001cc68aeca00 WatcherThread "VM Periodic Task Thread"        [id=1996, stack(0x0000000100700000,0x0000000100800000) (1024K)]
  0x000001cc5483f100 WorkerThread "GC Thread#0"                     [id=8640, stack(0x0000000100600000,0x0000000100700000) (1024K)]
  0x000001cc6f446f80 WorkerThread "GC Thread#1"                     [id=18332, stack(0x0000000101300000,0x0000000101400000) (1024K)]
  0x000001cc6f48fd50 WorkerThread "GC Thread#2"                     [id=25536, stack(0x0000000101400000,0x0000000101500000) (1024K)]
  0x000001cc6f4900f0 WorkerThread "GC Thread#3"                     [id=11212, stack(0x0000000101500000,0x0000000101600000) (1024K)]
  0x000001cc6f447320 WorkerThread "GC Thread#4"                     [id=16812, stack(0x0000000101600000,0x0000000101700000) (1024K)]
  0x000001cc6f4476c0 WorkerThread "GC Thread#5"                     [id=10628, stack(0x0000000101700000,0x0000000101800000) (1024K)]
  0x000001cc6f5cae90 WorkerThread "GC Thread#6"                     [id=25404, stack(0x0000000101800000,0x0000000101900000) (1024K)]
  0x000001cc6f6d2bb0 WorkerThread "GC Thread#7"                     [id=8960, stack(0x0000000101b00000,0x0000000101c00000) (1024K)]
Total: 10

Threads with active compile tasks:
C2 CompilerThread0  16570 4554       4       java.lang.String$CaseInsensitiveComparator::compare (13 bytes)
C1 CompilerThread0  16570 4734       2       java.util.TimSort::sort (229 bytes)
Total: 2

VM state: not at safepoint (normal execution)

VM Mutex/Monitor currently owned by a thread:  ([mutex/lock_event])
[0x00007ffa705fc300] Metaspace_lock - owner thread: 0x000001cc6f71b7b0

Heap address: 0x00000000c0000000, size: 1024 MB, Compressed Oops mode: 32-bit

CDS archive(s) mapped at: [0x000001cc00000000-0x000001cc00ba0000-0x000001cc00ba0000), size 12189696, SharedBaseAddress: 0x000001cc00000000, ArchiveRelocationMode: 1.
Compressed class space mapped at: 0x000001cc01000000-0x000001cc41000000, reserved size: 1073741824
Narrow klass base: 0x000001cc00000000, Narrow klass shift: 0, Narrow klass range: 0x100000000

GC Precious Log:
 CardTable entry size: 512
 CPUs: 8 total, 8 available
 Memory: 7549M
 Large Page Support: Disabled
 NUMA Support: Disabled
 Compressed Oops: Enabled (32-bit)
 Alignments: Space 512K, Generation 512K, Heap 2M
 Heap Min Capacity: 100M
 Heap Initial Capacity: 100M
 Heap Max Capacity: 1G
 Pre-touch: Disabled
 Parallel Workers: 8

Heap:
 PSYoungGen      total 24064K, used 18779K [0x00000000eab00000, 0x00000000ec800000, 0x0000000100000000)
  eden space 22528K, 76% used [0x00000000eab00000,0x00000000ebbdb2b0,0x00000000ec100000)
  from space 1536K, 98% used [0x00000000ec580000,0x00000000ec6fba40,0x00000000ec700000)
  to   space 1024K, 0% used [0x00000000ec700000,0x00000000ec700000,0x00000000ec800000)
 ParOldGen       total 68608K, used 16015K [0x00000000c0000000, 0x00000000c4300000, 0x00000000eab00000)
  object space 68608K, 23% used [0x00000000c0000000,0x00000000c0fa3da8,0x00000000c4300000)
 Metaspace       used 32747K, committed 33792K, reserved 1114112K
  class space    used 3271K, committed 3712K, reserved 1048576K

Card table byte_map: [0x000001cc541c0000,0x000001cc543d0000] _byte_map_base: 0x000001cc53bc0000

Marking Bits: (ParMarkBitMap*) 0x00007ffa70603260
 Begin Bits: [0x000001cc66a10000, 0x000001cc67a10000)
 End Bits:   [0x000001cc67a10000, 0x000001cc68a10000)

Polling page: 0x000001cc526e0000

Metaspace:

Usage:
  Non-class:     28.79 MB used.
      Class:      3.19 MB used.
       Both:     31.98 MB used.

Virtual space:
  Non-class space:       64.00 MB reserved,      29.38 MB ( 46%) committed,  1 nodes.
      Class space:        1.00 GB reserved,       3.62 MB ( <1%) committed,  1 nodes.
             Both:        1.06 GB reserved,      33.00 MB (  3%) committed. 

Chunk freelists:
   Non-Class:  2.04 MB
       Class:  12.29 MB
        Both:  14.33 MB

MaxMetaspaceSize: unlimited
CompressedClassSpaceSize: 1.00 GB
Initial GC threshold: 21.00 MB
Current GC threshold: 35.00 MB
CDS: on
 - commit_granule_bytes: 65536.
 - commit_granule_words: 8192.
 - virtual_space_node_default_size: 8388608.
 - enlarge_chunks_in_place: 1.
 - use_allocation_guard: 0.


Internal statistics:

num_allocs_failed_limit: 3.
num_arena_births: 858.
num_arena_deaths: 14.
num_vsnodes_births: 2.
num_vsnodes_deaths: 0.
num_space_committed: 528.
num_space_uncommitted: 0.
num_chunks_returned_to_freelist: 17.
num_chunks_taken_from_freelist: 2250.
num_chunk_merges: 9.
num_chunk_splits: 1427.
num_chunks_enlarged: 822.
num_inconsistent_stats: 0.

CodeHeap 'non-profiled nmethods': size=120000Kb used=2037Kb max_used=2037Kb free=117962Kb
 bounds [0x000001cc5f4e0000, 0x000001cc5f750000, 0x000001cc66a10000]
CodeHeap 'profiled nmethods': size=120000Kb used=10049Kb max_used=10049Kb free=109950Kb
 bounds [0x000001cc57a10000, 0x000001cc583f0000, 0x000001cc5ef40000]
CodeHeap 'non-nmethods': size=5760Kb used=1349Kb max_used=1388Kb free=4411Kb
 bounds [0x000001cc5ef40000, 0x000001cc5f1b0000, 0x000001cc5f4e0000]
 total_blobs=5340 nmethods=4697 adapters=549
 compilation: enabled
              stopped_count=0, restarted_count=0
 full_count=0

Compilation events (20 events):
Event: 16.429 Thread 0x000001cc6a60a930 nmethod 4724 0x000001cc583dd310 code [0x000001cc583dd4c0, 0x000001cc583dd748]
Event: 16.429 Thread 0x000001cc6a60a930 4725       2       java.util.stream.FindOps$FindSink$OfRef::get (19 bytes)
Event: 16.430 Thread 0x000001cc6a60a930 nmethod 4725 0x000001cc583dd890 code [0x000001cc583dda40, 0x000001cc583ddcc0]
Event: 16.437 Thread 0x000001cc6a60a930 4726   !   2       sun.reflect.annotation.AnnotationParser::parseAnnotations (37 bytes)
Event: 16.438 Thread 0x000001cc6a60a930 nmethod 4726 0x000001cc583dde10 code [0x000001cc583ddfe0, 0x000001cc583de248]
Event: 16.440 Thread 0x000001cc6a60a930 4727       3       java.util.concurrent.locks.ReentrantReadWriteLock$Sync::tryReleaseShared (146 bytes)
Event: 16.441 Thread 0x000001cc6a60a930 nmethod 4727 0x000001cc583de390 code [0x000001cc583de5e0, 0x000001cc583df0a8]
Event: 16.441 Thread 0x000001cc6a60a930 4728       3       java.util.concurrent.locks.AbstractQueuedSynchronizer::acquireShared (20 bytes)
Event: 16.441 Thread 0x000001cc6a60a930 nmethod 4728 0x000001cc583df490 code [0x000001cc583df660, 0x000001cc583df8d0]
Event: 16.441 Thread 0x000001cc6a60a930 4729       1       java.lang.Thread::threadId (5 bytes)
Event: 16.442 Thread 0x000001cc6a60a930 nmethod 4729 0x000001cc5f6d5090 code [0x000001cc5f6d5220, 0x000001cc5f6d52e8]
Event: 16.442 Thread 0x000001cc6a60a930 4730   !   2       java.lang.Object::wait (50 bytes)
Event: 16.442 Thread 0x000001cc6a60a930 nmethod 4730 0x000001cc583df990 code [0x000001cc583dfb80, 0x000001cc583dfe38]
Event: 16.444 Thread 0x000001cc6a60a930 4731       1       com.google.inject.TypeLiteral::getRawType (5 bytes)
Event: 16.444 Thread 0x000001cc6a60a930 nmethod 4731 0x000001cc5f6d5390 code [0x000001cc5f6d5520, 0x000001cc5f6d55e8]
Event: 16.446 Thread 0x000001cc6a60a930 4732       2       java.lang.reflect.Method::isSynthetic (5 bytes)
Event: 16.447 Thread 0x000001cc6a60a930 nmethod 4732 0x000001cc583e0090 code [0x000001cc583e0220, 0x000001cc583e0348]
Event: 16.447 Thread 0x000001cc6a60a930 4733       2       java.lang.reflect.Executable::isSynthetic (8 bytes)
Event: 16.447 Thread 0x000001cc6a60a930 nmethod 4733 0x000001cc583e0410 code [0x000001cc583e05c0, 0x000001cc583e0708]
Event: 16.447 Thread 0x000001cc6a60a930 4734       2       java.util.TimSort::sort (229 bytes)

GC Heap History (20 events):
Event: 6.512 GC heap before
{Heap before GC invocations=3 (full 0):
 PSYoungGen      total 29696K, used 29668K [0x00000000eab00000, 0x00000000ecc00000, 0x0000000100000000)
  eden space 25600K, 100% used [0x00000000eab00000,0x00000000ec400000,0x00000000ec400000)
  from space 4096K, 99% used [0x00000000ec800000,0x00000000ecbf9158,0x00000000ecc00000)
  to   space 4096K, 0% used [0x00000000ec400000,0x00000000ec400000,0x00000000ec800000)
 ParOldGen       total 68608K, used 1765K [0x00000000c0000000, 0x00000000c4300000, 0x00000000eab00000)
  object space 68608K, 2% used [0x00000000c0000000,0x00000000c01b9740,0x00000000c4300000)
 Metaspace       used 9202K, committed 9536K, reserved 1114112K
  class space    used 916K, committed 1088K, reserved 1048576K
}
Event: 6.524 GC heap after
{Heap after GC invocations=3 (full 0):
 PSYoungGen      total 29696K, used 4081K [0x00000000eab00000, 0x00000000ecc00000, 0x0000000100000000)
  eden space 25600K, 0% used [0x00000000eab00000,0x00000000eab00000,0x00000000ec400000)
  from space 4096K, 99% used [0x00000000ec400000,0x00000000ec7fc4a8,0x00000000ec800000)
  to   space 4096K, 0% used [0x00000000ec800000,0x00000000ec800000,0x00000000ecc00000)
 ParOldGen       total 68608K, used 5824K [0x00000000c0000000, 0x00000000c4300000, 0x00000000eab00000)
  object space 68608K, 8% used [0x00000000c0000000,0x00000000c05b01a8,0x00000000c4300000)
 Metaspace       used 9202K, committed 9536K, reserved 1114112K
  class space    used 916K, committed 1088K, reserved 1048576K
}
Event: 8.160 GC heap before
{Heap before GC invocations=4 (full 0):
 PSYoungGen      total 29696K, used 29681K [0x00000000eab00000, 0x00000000ecc00000, 0x0000000100000000)
  eden space 25600K, 100% used [0x00000000eab00000,0x00000000ec400000,0x00000000ec400000)
  from space 4096K, 99% used [0x00000000ec400000,0x00000000ec7fc4a8,0x00000000ec800000)
  to   space 4096K, 0% used [0x00000000ec800000,0x00000000ec800000,0x00000000ecc00000)
 ParOldGen       total 68608K, used 5824K [0x00000000c0000000, 0x00000000c4300000, 0x00000000eab00000)
  object space 68608K, 8% used [0x00000000c0000000,0x00000000c05b01a8,0x00000000c4300000)
 Metaspace       used 12434K, committed 12800K, reserved 1114112K
  class space    used 1231K, committed 1408K, reserved 1048576K
}
Event: 8.168 GC heap after
{Heap after GC invocations=4 (full 0):
 PSYoungGen      total 29696K, used 4086K [0x00000000eab00000, 0x00000000ecc00000, 0x0000000100000000)
  eden space 25600K, 0% used [0x00000000eab00000,0x00000000eab00000,0x00000000ec400000)
  from space 4096K, 99% used [0x00000000ec800000,0x00000000ecbfd920,0x00000000ecc00000)
  to   space 4096K, 0% used [0x00000000ec400000,0x00000000ec400000,0x00000000ec800000)
 ParOldGen       total 68608K, used 6735K [0x00000000c0000000, 0x00000000c4300000, 0x00000000eab00000)
  object space 68608K, 9% used [0x00000000c0000000,0x00000000c0693dd8,0x00000000c4300000)
 Metaspace       used 12434K, committed 12800K, reserved 1114112K
  class space    used 1231K, committed 1408K, reserved 1048576K
}
Event: 10.155 GC heap before
{Heap before GC invocations=5 (full 0):
 PSYoungGen      total 29696K, used 29686K [0x00000000eab00000, 0x00000000ecc00000, 0x0000000100000000)
  eden space 25600K, 100% used [0x00000000eab00000,0x00000000ec400000,0x00000000ec400000)
  from space 4096K, 99% used [0x00000000ec800000,0x00000000ecbfd920,0x00000000ecc00000)
  to   space 4096K, 0% used [0x00000000ec400000,0x00000000ec400000,0x00000000ec800000)
 ParOldGen       total 68608K, used 6735K [0x00000000c0000000, 0x00000000c4300000, 0x00000000eab00000)
  object space 68608K, 9% used [0x00000000c0000000,0x00000000c0693dd8,0x00000000c4300000)
 Metaspace       used 16355K, committed 17024K, reserved 1114112K
  class space    used 1616K, committed 1856K, reserved 1048576K
}
Event: 10.167 GC heap after
{Heap after GC invocations=5 (full 0):
 PSYoungGen      total 29184K, used 4087K [0x00000000eab00000, 0x00000000ecf80000, 0x0000000100000000)
  eden space 25088K, 0% used [0x00000000eab00000,0x00000000eab00000,0x00000000ec380000)
  from space 4096K, 99% used [0x00000000ec400000,0x00000000ec7fdef8,0x00000000ec800000)
  to   space 6144K, 0% used [0x00000000ec980000,0x00000000ec980000,0x00000000ecf80000)
 ParOldGen       total 68608K, used 8163K [0x00000000c0000000, 0x00000000c4300000, 0x00000000eab00000)
  object space 68608K, 11% used [0x00000000c0000000,0x00000000c07f8dc0,0x00000000c4300000)
 Metaspace       used 16355K, committed 17024K, reserved 1114112K
  class space    used 1616K, committed 1856K, reserved 1048576K
}
Event: 13.579 GC heap before
{Heap before GC invocations=6 (full 0):
 PSYoungGen      total 29184K, used 29175K [0x00000000eab00000, 0x00000000ecf80000, 0x0000000100000000)
  eden space 25088K, 100% used [0x00000000eab00000,0x00000000ec380000,0x00000000ec380000)
  from space 4096K, 99% used [0x00000000ec400000,0x00000000ec7fdef8,0x00000000ec800000)
  to   space 6144K, 0% used [0x00000000ec980000,0x00000000ec980000,0x00000000ecf80000)
 ParOldGen       total 68608K, used 8163K [0x00000000c0000000, 0x00000000c4300000, 0x00000000eab00000)
  object space 68608K, 11% used [0x00000000c0000000,0x00000000c07f8dc0,0x00000000c4300000)
 Metaspace       used 18886K, committed 19648K, reserved 1114112K
  class space    used 1895K, committed 2240K, reserved 1048576K
}
Event: 13.584 GC heap after
{Heap after GC invocations=6 (full 0):
 PSYoungGen      total 29184K, used 4255K [0x00000000eab00000, 0x00000000ece00000, 0x0000000100000000)
  eden space 24576K, 0% used [0x00000000eab00000,0x00000000eab00000,0x00000000ec300000)
  from space 4608K, 92% used [0x00000000ec980000,0x00000000ecda7c38,0x00000000ece00000)
  to   space 5120K, 0% used [0x00000000ec400000,0x00000000ec400000,0x00000000ec900000)
 ParOldGen       total 68608K, used 8171K [0x00000000c0000000, 0x00000000c4300000, 0x00000000eab00000)
  object space 68608K, 11% used [0x00000000c0000000,0x00000000c07fadc0,0x00000000c4300000)
 Metaspace       used 18886K, committed 19648K, reserved 1114112K
  class space    used 1895K, committed 2240K, reserved 1048576K
}
Event: 14.188 GC heap before
{Heap before GC invocations=7 (full 0):
 PSYoungGen      total 29184K, used 18598K [0x00000000eab00000, 0x00000000ece00000, 0x0000000100000000)
  eden space 24576K, 58% used [0x00000000eab00000,0x00000000eb901dc8,0x00000000ec300000)
  from space 4608K, 92% used [0x00000000ec980000,0x00000000ecda7c38,0x00000000ece00000)
  to   space 5120K, 0% used [0x00000000ec400000,0x00000000ec400000,0x00000000ec900000)
 ParOldGen       total 68608K, used 8171K [0x00000000c0000000, 0x00000000c4300000, 0x00000000eab00000)
  object space 68608K, 11% used [0x00000000c0000000,0x00000000c07fadc0,0x00000000c4300000)
 Metaspace       used 20619K, committed 21504K, reserved 1114112K
  class space    used 2108K, committed 2496K, reserved 1048576K
}
Event: 14.199 GC heap after
{Heap after GC invocations=7 (full 0):
 PSYoungGen      total 29184K, used 4383K [0x00000000eab00000, 0x00000000ecc00000, 0x0000000100000000)
  eden space 24576K, 0% used [0x00000000eab00000,0x00000000eab00000,0x00000000ec300000)
  from space 4608K, 95% used [0x00000000ec400000,0x00000000ec847ee8,0x00000000ec880000)
  to   space 3584K, 0% used [0x00000000ec880000,0x00000000ec880000,0x00000000ecc00000)
 ParOldGen       total 68608K, used 9313K [0x00000000c0000000, 0x00000000c4300000, 0x00000000eab00000)
  object space 68608K, 13% used [0x00000000c0000000,0x00000000c09185e8,0x00000000c4300000)
 Metaspace       used 20619K, committed 21504K, reserved 1114112K
  class space    used 2108K, committed 2496K, reserved 1048576K
}
Event: 14.199 GC heap before
{Heap before GC invocations=8 (full 1):
 PSYoungGen      total 29184K, used 4383K [0x00000000eab00000, 0x00000000ecc00000, 0x0000000100000000)
  eden space 24576K, 0% used [0x00000000eab00000,0x00000000eab00000,0x00000000ec300000)
  from space 4608K, 95% used [0x00000000ec400000,0x00000000ec847ee8,0x00000000ec880000)
  to   space 3584K, 0% used [0x00000000ec880000,0x00000000ec880000,0x00000000ecc00000)
 ParOldGen       total 68608K, used 9313K [0x00000000c0000000, 0x00000000c4300000, 0x00000000eab00000)
  object space 68608K, 13% used [0x00000000c0000000,0x00000000c09185e8,0x00000000c4300000)
 Metaspace       used 20619K, committed 21504K, reserved 1114112K
  class space    used 2108K, committed 2496K, reserved 1048576K
}
Event: 14.259 GC heap after
{Heap after GC invocations=8 (full 1):
 PSYoungGen      total 29184K, used 0K [0x00000000eab00000, 0x00000000ecc00000, 0x0000000100000000)
  eden space 24576K, 0% used [0x00000000eab00000,0x00000000eab00000,0x00000000ec300000)
  from space 4608K, 0% used [0x00000000ec400000,0x00000000ec400000,0x00000000ec880000)
  to   space 3584K, 0% used [0x00000000ec880000,0x00000000ec880000,0x00000000ecc00000)
 ParOldGen       total 68608K, used 12838K [0x00000000c0000000, 0x00000000c4300000, 0x00000000eab00000)
  object space 68608K, 18% used [0x00000000c0000000,0x00000000c0c89b88,0x00000000c4300000)
 Metaspace       used 20606K, committed 21504K, reserved 1114112K
  class space    used 2105K, committed 2496K, reserved 1048576K
}
Event: 14.757 GC heap before
{Heap before GC invocations=9 (full 1):
 PSYoungGen      total 29184K, used 24515K [0x00000000eab00000, 0x00000000ecc00000, 0x0000000100000000)
  eden space 24576K, 99% used [0x00000000eab00000,0x00000000ec2f0f90,0x00000000ec300000)
  from space 4608K, 0% used [0x00000000ec400000,0x00000000ec400000,0x00000000ec880000)
  to   space 3584K, 0% used [0x00000000ec880000,0x00000000ec880000,0x00000000ecc00000)
 ParOldGen       total 68608K, used 12838K [0x00000000c0000000, 0x00000000c4300000, 0x00000000eab00000)
  object space 68608K, 18% used [0x00000000c0000000,0x00000000c0c89b88,0x00000000c4300000)
 Metaspace       used 22757K, committed 23680K, reserved 1114112K
  class space    used 2274K, committed 2624K, reserved 1048576K
}
Event: 14.759 GC heap after
{Heap after GC invocations=9 (full 1):
 PSYoungGen      total 25600K, used 1067K [0x00000000eab00000, 0x00000000eca00000, 0x0000000100000000)
  eden space 24064K, 0% used [0x00000000eab00000,0x00000000eab00000,0x00000000ec280000)
  from space 1536K, 69% used [0x00000000ec880000,0x00000000ec98ac30,0x00000000eca00000)
  to   space 2560K, 0% used [0x00000000ec500000,0x00000000ec500000,0x00000000ec780000)
 ParOldGen       total 68608K, used 12846K [0x00000000c0000000, 0x00000000c4300000, 0x00000000eab00000)
  object space 68608K, 18% used [0x00000000c0000000,0x00000000c0c8bb88,0x00000000c4300000)
 Metaspace       used 22757K, committed 23680K, reserved 1114112K
  class space    used 2274K, committed 2624K, reserved 1048576K
}
Event: 15.256 GC heap before
{Heap before GC invocations=10 (full 1):
 PSYoungGen      total 25600K, used 25131K [0x00000000eab00000, 0x00000000eca00000, 0x0000000100000000)
  eden space 24064K, 100% used [0x00000000eab00000,0x00000000ec280000,0x00000000ec280000)
  from space 1536K, 69% used [0x00000000ec880000,0x00000000ec98ac30,0x00000000eca00000)
  to   space 2560K, 0% used [0x00000000ec500000,0x00000000ec500000,0x00000000ec780000)
 ParOldGen       total 68608K, used 12846K [0x00000000c0000000, 0x00000000c4300000, 0x00000000eab00000)
  object space 68608K, 18% used [0x00000000c0000000,0x00000000c0c8bb88,0x00000000c4300000)
 Metaspace       used 26472K, committed 27456K, reserved 1114112K
  class space    used 2543K, committed 2944K, reserved 1048576K
}
Event: 15.258 GC heap after
{Heap after GC invocations=10 (full 1):
 PSYoungGen      total 26112K, used 1259K [0x00000000eab00000, 0x00000000ec900000, 0x0000000100000000)
  eden space 23552K, 0% used [0x00000000eab00000,0x00000000eab00000,0x00000000ec200000)
  from space 2560K, 49% used [0x00000000ec500000,0x00000000ec63ac30,0x00000000ec780000)
  to   space 1536K, 0% used [0x00000000ec780000,0x00000000ec780000,0x00000000ec900000)
 ParOldGen       total 68608K, used 12846K [0x00000000c0000000, 0x00000000c4300000, 0x00000000eab00000)
  object space 68608K, 18% used [0x00000000c0000000,0x00000000c0c8bb88,0x00000000c4300000)
 Metaspace       used 26472K, committed 27456K, reserved 1114112K
  class space    used 2543K, committed 2944K, reserved 1048576K
}
Event: 15.590 GC heap before
{Heap before GC invocations=11 (full 1):
 PSYoungGen      total 26112K, used 24811K [0x00000000eab00000, 0x00000000ec900000, 0x0000000100000000)
  eden space 23552K, 100% used [0x00000000eab00000,0x00000000ec200000,0x00000000ec200000)
  from space 2560K, 49% used [0x00000000ec500000,0x00000000ec63ac30,0x00000000ec780000)
  to   space 1536K, 0% used [0x00000000ec780000,0x00000000ec780000,0x00000000ec900000)
 ParOldGen       total 68608K, used 12846K [0x00000000c0000000, 0x00000000c4300000, 0x00000000eab00000)
  object space 68608K, 18% used [0x00000000c0000000,0x00000000c0c8bb88,0x00000000c4300000)
 Metaspace       used 27820K, committed 28864K, reserved 1114112K
  class space    used 2670K, committed 3136K, reserved 1048576K
}
Event: 15.594 GC heap after
{Heap after GC invocations=11 (full 1):
 PSYoungGen      total 24064K, used 868K [0x00000000eab00000, 0x00000000ec880000, 0x0000000100000000)
  eden space 23040K, 0% used [0x00000000eab00000,0x00000000eab00000,0x00000000ec180000)
  from space 1024K, 84% used [0x00000000ec780000,0x00000000ec859148,0x00000000ec880000)
  to   space 1536K, 0% used [0x00000000ec580000,0x00000000ec580000,0x00000000ec700000)
 ParOldGen       total 68608K, used 15319K [0x00000000c0000000, 0x00000000c4300000, 0x00000000eab00000)
  object space 68608K, 22% used [0x00000000c0000000,0x00000000c0ef5cc0,0x00000000c4300000)
 Metaspace       used 27820K, committed 28864K, reserved 1114112K
  class space    used 2670K, committed 3136K, reserved 1048576K
}
Event: 16.118 GC heap before
{Heap before GC invocations=12 (full 1):
 PSYoungGen      total 24064K, used 23908K [0x00000000eab00000, 0x00000000ec880000, 0x0000000100000000)
  eden space 23040K, 100% used [0x00000000eab00000,0x00000000ec180000,0x00000000ec180000)
  from space 1024K, 84% used [0x00000000ec780000,0x00000000ec859148,0x00000000ec880000)
  to   space 1536K, 0% used [0x00000000ec580000,0x00000000ec580000,0x00000000ec700000)
 ParOldGen       total 68608K, used 15319K [0x00000000c0000000, 0x00000000c4300000, 0x00000000eab00000)
  object space 68608K, 22% used [0x00000000c0000000,0x00000000c0ef5cc0,0x00000000c4300000)
 Metaspace       used 31463K, committed 32512K, reserved 1114112K
  class space    used 3093K, committed 3520K, reserved 1048576K
}
Event: 16.122 GC heap after
{Heap after GC invocations=12 (full 1):
 PSYoungGen      total 24064K, used 1518K [0x00000000eab00000, 0x00000000ec800000, 0x0000000100000000)
  eden space 22528K, 0% used [0x00000000eab00000,0x00000000eab00000,0x00000000ec100000)
  from space 1536K, 98% used [0x00000000ec580000,0x00000000ec6fba40,0x00000000ec700000)
  to   space 1024K, 0% used [0x00000000ec700000,0x00000000ec700000,0x00000000ec800000)
 ParOldGen       total 68608K, used 16015K [0x00000000c0000000, 0x00000000c4300000, 0x00000000eab00000)
  object space 68608K, 23% used [0x00000000c0000000,0x00000000c0fa3da8,0x00000000c4300000)
 Metaspace       used 31463K, committed 32512K, reserved 1114112K
  class space    used 3093K, committed 3520K, reserved 1048576K
}

Dll operation events (10 events):
Event: 0.042 Loaded shared library c:\Users\ikari\.vscode\extensions\redhat.java-1.41.1-win32-x64\jre\21.0.6-win32-x86_64\bin\java.dll
Event: 0.395 Loaded shared library c:\Users\ikari\.vscode\extensions\redhat.java-1.41.1-win32-x64\jre\21.0.6-win32-x86_64\bin\zip.dll
Event: 0.460 Loaded shared library C:\Users\ikari\.vscode\extensions\redhat.java-1.41.1-win32-x64\jre\21.0.6-win32-x86_64\bin\instrument.dll
Event: 0.526 Loaded shared library C:\Users\ikari\.vscode\extensions\redhat.java-1.41.1-win32-x64\jre\21.0.6-win32-x86_64\bin\net.dll
Event: 0.532 Loaded shared library C:\Users\ikari\.vscode\extensions\redhat.java-1.41.1-win32-x64\jre\21.0.6-win32-x86_64\bin\nio.dll
Event: 0.565 Loaded shared library C:\Users\ikari\.vscode\extensions\redhat.java-1.41.1-win32-x64\jre\21.0.6-win32-x86_64\bin\zip.dll
Event: 0.777 Loaded shared library C:\Users\ikari\.vscode\extensions\redhat.java-1.41.1-win32-x64\jre\21.0.6-win32-x86_64\bin\jimage.dll
Event: 1.122 Loaded shared library c:\Users\ikari\.vscode\extensions\redhat.java-1.41.1-win32-x64\jre\21.0.6-win32-x86_64\bin\verify.dll
Event: 5.048 Loaded shared library C:\Users\ikari\AppData\Roaming\Code\User\globalStorage\redhat.java\1.41.1\config_win\org.eclipse.equinox.launcher\org.eclipse.equinox.launcher.win32.win32.x86_64_1.2.1300.v20250331-1702\eclipse_11911.dll
Event: 10.098 Loaded shared library C:\Users\ikari\AppData\Local\Temp\jna-100254198\jna13599094932418049899.dll

Deoptimization events (20 events):
Event: 16.376 Thread 0x000001cc6f71b7b0 Uncommon trap: trap_request=0xffffff45 fr.pc=0x000001cc5f5a2444 relative=0x0000000000000124
Event: 16.376 Thread 0x000001cc6f71b7b0 Uncommon trap: reason=unstable_if action=reinterpret pc=0x000001cc5f5a2444 method=jdk.internal.org.objectweb.asm.SymbolTable.put(Ljdk/internal/org/objectweb/asm/SymbolTable$Entry;)Ljdk/internal/org/objectweb/asm/SymbolTable$Entry; @ 13 c2
Event: 16.376 Thread 0x000001cc6f71b7b0 DEOPT PACKING pc=0x000001cc5f5a2444 sp=0x0000000101dfbac0
Event: 16.377 Thread 0x000001cc6f71b7b0 DEOPT UNPACKING pc=0x000001cc5ef93aa2 sp=0x0000000101dfba20 mode 2
Event: 16.391 Thread 0x000001cc6f71b7b0 Uncommon trap: trap_request=0xffffff45 fr.pc=0x000001cc5f6223e8 relative=0x0000000000000388
Event: 16.391 Thread 0x000001cc6f71b7b0 Uncommon trap: reason=unstable_if action=reinterpret pc=0x000001cc5f6223e8 method=java.lang.Integer.parseInt(Ljava/lang/String;I)I @ 119 c2
Event: 16.391 Thread 0x000001cc6f71b7b0 DEOPT PACKING pc=0x000001cc5f6223e8 sp=0x0000000101dfc970
Event: 16.391 Thread 0x000001cc6f71b7b0 DEOPT UNPACKING pc=0x000001cc5ef93aa2 sp=0x0000000101dfc8d8 mode 2
Event: 16.429 Thread 0x000001cc6f71b7b0 Uncommon trap: trap_request=0xffffff45 fr.pc=0x000001cc5f6acee8 relative=0x00000000000001c8
Event: 16.429 Thread 0x000001cc6f71b7b0 Uncommon trap: reason=unstable_if action=reinterpret pc=0x000001cc5f6acee8 method=java.util.concurrent.locks.ReentrantReadWriteLock$Sync.tryAcquireShared(I)I @ 81 c2
Event: 16.431 Thread 0x000001cc6f71b7b0 DEOPT PACKING pc=0x000001cc5f6acee8 sp=0x0000000101dfe860
Event: 16.431 Thread 0x000001cc6fe6f820 Uncommon trap: trap_request=0xffffff45 fr.pc=0x000001cc5f6acee8 relative=0x00000000000001c8
Event: 16.431 Thread 0x000001cc6f71b7b0 DEOPT UNPACKING pc=0x000001cc5ef93aa2 sp=0x0000000101dfe780 mode 2
Event: 16.431 Thread 0x000001cc6fe6f820 Uncommon trap: reason=unstable_if action=reinterpret pc=0x000001cc5f6acee8 method=java.util.concurrent.locks.ReentrantReadWriteLock$Sync.tryAcquireShared(I)I @ 81 c2
Event: 16.431 Thread 0x000001cc6fe6f820 DEOPT PACKING pc=0x000001cc5f6acee8 sp=0x00000001025fe160
Event: 16.431 Thread 0x000001cc6fe6f820 DEOPT UNPACKING pc=0x000001cc5ef93aa2 sp=0x00000001025fe080 mode 2
Event: 16.432 Thread 0x000001cc6fe6f820 Uncommon trap: trap_request=0xffffff45 fr.pc=0x000001cc5f6aca64 relative=0x00000000000000c4
Event: 16.432 Thread 0x000001cc6fe6f820 Uncommon trap: reason=unstable_if action=reinterpret pc=0x000001cc5f6aca64 method=java.util.concurrent.locks.ReentrantReadWriteLock$Sync.tryReleaseShared(I)Z @ 9 c2
Event: 16.432 Thread 0x000001cc6fe6f820 DEOPT PACKING pc=0x000001cc5f6aca64 sp=0x00000001025fe170
Event: 16.432 Thread 0x000001cc6fe6f820 DEOPT UNPACKING pc=0x000001cc5ef93aa2 sp=0x00000001025fe0f0 mode 2

Classes loaded (20 events):
Event: 16.408 Loading class jdk/internal/reflect/MethodHandleBooleanFieldAccessorImpl
Event: 16.409 Loading class jdk/internal/reflect/MethodHandleBooleanFieldAccessorImpl done
Event: 16.429 Loading class sun/reflect/generics/reflectiveObjects/TypeVariableImpl
Event: 16.430 Loading class sun/reflect/generics/reflectiveObjects/LazyReflectiveObjectGenerator
Event: 16.430 Loading class sun/reflect/generics/reflectiveObjects/LazyReflectiveObjectGenerator done
Event: 16.430 Loading class sun/reflect/generics/reflectiveObjects/TypeVariableImpl done
Event: 16.431 Loading class sun/reflect/generics/reflectiveObjects/ParameterizedTypeImpl
Event: 16.431 Loading class java/util/concurrent/locks/ReentrantReadWriteLock$Sync$HoldCounter
Event: 16.432 Loading class java/util/concurrent/locks/ReentrantReadWriteLock$Sync$HoldCounter done
Event: 16.432 Loading class sun/reflect/generics/reflectiveObjects/ParameterizedTypeImpl done
Event: 16.443 Loading class java/io/PrintWriter$1
Event: 16.444 Loading class jdk/internal/access/JavaIOPrintWriterAccess
Event: 16.444 Loading class jdk/internal/access/JavaIOPrintWriterAccess done
Event: 16.444 Loading class java/io/PrintWriter$1 done
Event: 16.445 Loading class sun/util/locale/provider/TimeZoneNameUtility
Event: 16.445 Loading class sun/util/locale/provider/TimeZoneNameUtility done
Event: 16.445 Loading class sun/util/locale/provider/TimeZoneNameUtility$TimeZoneNameGetter
Event: 16.446 Loading class sun/util/locale/provider/TimeZoneNameUtility$TimeZoneNameGetter done
Event: 16.446 Loading class sun/util/cldr/CLDRTimeZoneNameProviderImpl
Event: 16.447 Loading class sun/util/locale/provider/TimeZoneNameProviderImpl

Classes unloaded (7 events):
Event: 14.208 Thread 0x000001cc548de990 Unloading class 0x000001cc01193c00 'java/lang/invoke/LambdaForm$MH+0x000001cc01193c00'
Event: 14.208 Thread 0x000001cc548de990 Unloading class 0x000001cc01193800 'java/lang/invoke/LambdaForm$MH+0x000001cc01193800'
Event: 14.208 Thread 0x000001cc548de990 Unloading class 0x000001cc01193400 'java/lang/invoke/LambdaForm$MH+0x000001cc01193400'
Event: 14.208 Thread 0x000001cc548de990 Unloading class 0x000001cc01193000 'java/lang/invoke/LambdaForm$MH+0x000001cc01193000'
Event: 14.208 Thread 0x000001cc548de990 Unloading class 0x000001cc01192c00 'java/lang/invoke/LambdaForm$BMH+0x000001cc01192c00'
Event: 14.208 Thread 0x000001cc548de990 Unloading class 0x000001cc01192800 'java/lang/invoke/LambdaForm$DMH+0x000001cc01192800'
Event: 14.208 Thread 0x000001cc548de990 Unloading class 0x000001cc01191400 'java/lang/invoke/LambdaForm$DMH+0x000001cc01191400'

Classes redefined (0 events):
No events

Internal exceptions (20 events):
Event: 14.168 Thread 0x000001cc6f71b7b0 Exception <a 'java/lang/NoSuchMethodError'{0x00000000eb8130e8}: 'java.lang.Object java.lang.invoke.DelegatingMethodHandle$Holder.delegate(java.lang.Object, java.lang.Object, java.lang.Object, java.lang.Object, java.lang.Object, java.lang.Object, java.lang.Object, java.lang.Object, java.lang.Object, java.lang.Object, java.lang.Object, java.lang.Object, java.lang.Object)'> (0x00000000eb8130e8) 
thrown [s\src\hotspot\share\interpreter\linkResolver.cpp, line 773]
Event: 14.179 Thread 0x000001cc6f71b7b0 Exception <a 'java/lang/NoSuchMethodError'{0x00000000eb87d040}: static Lorg/eclipse/m2e/core/internal/lifecyclemapping/model/PluginExecutionMetadata;.<clinit>()V> (0x00000000eb87d040) 
thrown [s\src\hotspot\share\prims\jni.cpp, line 1111]
Event: 14.265 Thread 0x000001cc6f71b7b0 Exception <a 'java/lang/NoSuchMethodError'{0x00000000eab24d28}: static Lorg/eclipse/m2e/core/internal/lifecyclemapping/model/PluginExecutionFilter;.<clinit>()V> (0x00000000eab24d28) 
thrown [s\src\hotspot\share\prims\jni.cpp, line 1111]
Event: 14.271 Thread 0x000001cc6f71b7b0 Exception <a 'java/lang/NoSuchMethodError'{0x00000000eab5a788}: static Lorg/eclipse/m2e/core/internal/project/registry/MavenProjectFacade$MavenProjectConfiguration;.<clinit>()V> (0x00000000eab5a788) 
thrown [s\src\hotspot\share\prims\jni.cpp, line 1111]
Event: 14.415 Thread 0x000001cc6f71b7b0 Exception <a 'java/lang/NoSuchMethodError'{0x00000000eb0a9508}: 'double java.lang.invoke.DirectMethodHandle$Holder.invokeStatic(java.lang.Object, java.lang.Object)'> (0x00000000eb0a9508) 
thrown [s\src\hotspot\share\interpreter\linkResolver.cpp, line 773]
Event: 14.416 Thread 0x000001cc6f71b7b0 Exception <a 'java/lang/NoSuchMethodError'{0x00000000eb0acbc8}: 'double java.lang.invoke.DirectMethodHandle$Holder.invokeStaticInit(java.lang.Object, java.lang.Object)'> (0x00000000eb0acbc8) 
thrown [s\src\hotspot\share\interpreter\linkResolver.cpp, line 773]
Event: 15.113 Thread 0x000001cc6f71b7b0 Implicit null exception at 0x000001cc5f6b5ef5 to 0x000001cc5f6b5fd0
Event: 15.354 Thread 0x000001cc6f71b7b0 Exception <a 'java/lang/NoSuchMethodError'{0x00000000eb6daec8}: 'java.lang.Object java.lang.invoke.DirectMethodHandle$Holder.newInvokeSpecial(java.lang.Object, int, java.lang.Object, java.lang.Object)'> (0x00000000eb6daec8) 
thrown [s\src\hotspot\share\interpreter\linkResolver.cpp, line 773]
Event: 15.439 Thread 0x000001cc6fe6d0c0 Exception <a 'java/lang/NoSuchMethodError'{0x00000000eba04fd0}: 'java.lang.Object java.lang.invoke.DirectMethodHandle$Holder.invokeSpecialIFC(java.lang.Object, java.lang.Object, java.lang.Object, java.lang.Object)'> (0x00000000eba04fd0) 
thrown [s\src\hotspot\share\interpreter\linkResolver.cpp, line 773]
Event: 15.796 Thread 0x000001cc6f71b7b0 Exception <a 'java/lang/ClassNotFoundException'{0x00000000eb3ee678}: com/sun/org/apache/xerces/internal/impl/msg/spi/DOMMessagesProvider> (0x00000000eb3ee678) 
thrown [s\src\hotspot\share\classfile\systemDictionary.cpp, line 312]
Event: 15.818 Thread 0x000001cc6f71b7b0 Exception <a 'java/lang/ClassNotFoundException'{0x00000000eb3ffe30}: com/sun/org/apache/xerces/internal/impl/msg/spi/XMLSerializerMessagesProvider> (0x00000000eb3ffe30) 
thrown [s\src\hotspot\share\classfile\systemDictionary.cpp, line 312]
Event: 15.823 Thread 0x000001cc6f71b7b0 Exception <a 'java/lang/ClassNotFoundException'{0x00000000eb40d150}: com/sun/org/apache/xerces/internal/impl/msg/spi/XMLMessagesProvider> (0x00000000eb40d150) 
thrown [s\src\hotspot\share\classfile\systemDictionary.cpp, line 312]
Event: 15.845 Thread 0x000001cc6fe6d0c0 Exception <a 'java/lang/NoSuchMethodError'{0x00000000eb54c540}: 'int java.lang.invoke.DirectMethodHandle$Holder.invokeStatic(java.lang.Object, java.lang.Object, java.lang.Object, java.lang.Object, java.lang.Object)'> (0x00000000eb54c540) 
thrown [s\src\hotspot\share\interpreter\linkResolver.cpp, line 773]
Event: 16.089 Thread 0x000001cc6f71b7b0 Exception <a 'java/lang/ClassNotFoundException'{0x00000000ec0113c0}: com/sun/org/apache/xml/internal/serializer/spi/XMLEntitiesProvider> (0x00000000ec0113c0) 
thrown [s\src\hotspot\share\classfile\systemDictionary.cpp, line 312]
Event: 16.185 Thread 0x000001cc6fe6d0c0 Exception <a 'java/lang/NoClassDefFoundError'{0x00000000ead429a0}: javax/enterprise/inject/Typed> (0x00000000ead429a0) 
thrown [s\src\hotspot\share\classfile\systemDictionary.cpp, line 301]
Event: 16.347 Thread 0x000001cc6f71b7b0 Exception <a 'java/io/FileNotFoundException'{0x00000000eb479c00}> (0x00000000eb479c00) 
thrown [s\src\hotspot\share\prims\jni.cpp, line 520]
Event: 16.381 Thread 0x000001cc6f71b7b0 Exception <a 'java/lang/UnsatisfiedLinkError'{0x00000000eb72e6e8}: The specified procedure could not be found.
> (0x00000000eb72e6e8) 
thrown [s\src\hotspot\share\prims\jni.cpp, line 539]
Event: 16.390 Thread 0x000001cc6f71b7b0 Exception <a 'java/io/FileNotFoundException'{0x00000000eb81ad18}> (0x00000000eb81ad18) 
thrown [s\src\hotspot\share\prims\jni.cpp, line 520]
Event: 16.403 Thread 0x000001cc6f71b7b0 Exception <a 'java/io/FileNotFoundException'{0x00000000eb968048}> (0x00000000eb968048) 
thrown [s\src\hotspot\share\prims\jni.cpp, line 520]
Event: 16.410 Thread 0x000001cc6f71b7b0 Exception <a 'java/lang/UnsatisfiedLinkError'{0x00000000eb9d3490}: The specified procedure could not be found.
> (0x00000000eb9d3490) 
thrown [s\src\hotspot\share\prims\jni.cpp, line 539]

ZGC Phase Switch (0 events):
No events

VM Operations (20 events):
Event: 15.366 Executing VM operation: HandshakeAllThreads (Deoptimize)
Event: 15.366 Executing VM operation: HandshakeAllThreads (Deoptimize) done
Event: 15.589 Executing VM operation: ParallelGCFailedAllocation (Allocation Failure)
Event: 15.594 Executing VM operation: ParallelGCFailedAllocation (Allocation Failure) done
Event: 15.643 Executing VM operation: HandshakeAllThreads (Deoptimize)
Event: 15.644 Executing VM operation: HandshakeAllThreads (Deoptimize) done
Event: 15.884 Executing VM operation: HandshakeAllThreads (Deoptimize)
Event: 15.887 Executing VM operation: HandshakeAllThreads (Deoptimize) done
Event: 16.021 Executing VM operation: HandshakeAllThreads (Deoptimize)
Event: 16.022 Executing VM operation: HandshakeAllThreads (Deoptimize) done
Event: 16.084 Executing VM operation: HandshakeAllThreads (Deoptimize)
Event: 16.085 Executing VM operation: HandshakeAllThreads (Deoptimize) done
Event: 16.093 Executing VM operation: HandshakeAllThreads (Deoptimize)
Event: 16.093 Executing VM operation: HandshakeAllThreads (Deoptimize) done
Event: 16.118 Executing VM operation: ParallelGCFailedAllocation (Allocation Failure)
Event: 16.122 Executing VM operation: ParallelGCFailedAllocation (Allocation Failure) done
Event: 16.147 Executing VM operation: HandshakeAllThreads (Deoptimize)
Event: 16.153 Executing VM operation: HandshakeAllThreads (Deoptimize) done
Event: 16.174 Executing VM operation: HandshakeAllThreads (Deoptimize)
Event: 16.174 Executing VM operation: HandshakeAllThreads (Deoptimize) done

Memory protections (0 events):
No events

Nmethod flushes (0 events):
No events

Events (20 events):
Event: 0.136 Thread 0x000001cc54820e30 Thread added: 0x000001cc68bd4150
Event: 0.137 Thread 0x000001cc54820e30 Thread added: 0x000001cc68bd6e70
Event: 0.137 Thread 0x000001cc54820e30 Thread added: 0x000001cc68bd88d0
Event: 0.137 Thread 0x000001cc54820e30 Thread added: 0x000001cc68bd9700
Event: 0.172 Thread 0x000001cc54820e30 Thread added: 0x000001cc6a60a930
Event: 0.316 Thread 0x000001cc54820e30 Thread added: 0x000001cc5488a2b0
Event: 1.480 Thread 0x000001cc54820e30 Thread added: 0x000001cc6a8bf950
Event: 4.258 Thread 0x000001cc54820e30 Thread added: 0x000001cc6f36b4d0
Event: 5.035 Thread 0x000001cc54820e30 Thread added: 0x000001cc6f43a6a0
Event: 5.157 Thread 0x000001cc6f43a6a0 Thread added: 0x000001cc6f71b150
Event: 5.173 Thread 0x000001cc54820e30 Thread added: 0x000001cc6f71b7b0
Event: 6.180 Thread 0x000001cc6f71b7b0 Thread added: 0x000001cc6fbef5e0
Event: 6.890 Thread 0x000001cc6f71b7b0 Thread added: 0x000001cc6a998eb0
Event: 7.107 Thread 0x000001cc6f71b7b0 Thread added: 0x000001cc6f635e00
Event: 8.967 Thread 0x000001cc6f71b7b0 Thread added: 0x000001cc6fe6f190
Event: 10.185 Thread 0x000001cc6f71b7b0 Thread added: 0x000001cc6fe6ca30
Event: 10.277 Thread 0x000001cc6f71b7b0 Thread added: 0x000001cc6fe6d0c0
Event: 10.350 Thread 0x000001cc6f71b7b0 Thread added: 0x000001cc6fe6eb00
Event: 15.499 Thread 0x000001cc6fe6eb00 Thread added: 0x000001cc6fe6f820
Event: 15.860 Thread 0x000001cc6f71b7b0 Thread added: 0x000001cc6fe6dde0


Dynamic libraries:
0x00007ff79fba0000 - 0x00007ff79fbae000 	c:\Users\ikari\.vscode\extensions\redhat.java-1.41.1-win32-x64\jre\21.0.6-win32-x86_64\bin\java.exe
0x00007ffb0c110000 - 0x00007ffb0c327000 	C:\WINDOWS\SYSTEM32\ntdll.dll
0x00007ffb0aed0000 - 0x00007ffb0af94000 	C:\WINDOWS\System32\KERNEL32.DLL
0x00007ffb09880000 - 0x00007ffb09c51000 	C:\WINDOWS\System32\KERNELBASE.dll
0x00007ffb094b0000 - 0x00007ffb095c1000 	C:\WINDOWS\System32\ucrtbase.dll
0x00007ffb021e0000 - 0x00007ffb021f8000 	c:\Users\ikari\.vscode\extensions\redhat.java-1.41.1-win32-x64\jre\21.0.6-win32-x86_64\bin\jli.dll
0x00007ffb0ab30000 - 0x00007ffb0ace1000 	C:\WINDOWS\System32\USER32.dll
0x00007ffb09d80000 - 0x00007ffb09da6000 	C:\WINDOWS\System32\win32u.dll
0x00007ffb0b420000 - 0x00007ffb0b449000 	C:\WINDOWS\System32\GDI32.dll
0x00007ffb09c60000 - 0x00007ffb09d7b000 	C:\WINDOWS\System32\gdi32full.dll
0x00007ffb09410000 - 0x00007ffb094aa000 	C:\WINDOWS\System32\msvcp_win.dll
0x00007ffaf98b0000 - 0x00007ffaf98ce000 	c:\Users\ikari\.vscode\extensions\redhat.java-1.41.1-win32-x64\jre\21.0.6-win32-x86_64\bin\VCRUNTIME140.dll
0x00007ffaf3770000 - 0x00007ffaf3a02000 	C:\WINDOWS\WinSxS\amd64_microsoft.windows.common-controls_6595b64144ccf1df_6.0.22621.4830_none_270fe7d773858e80\COMCTL32.dll
0x00007ffb0a8b0000 - 0x00007ffb0a957000 	C:\WINDOWS\System32\msvcrt.dll
0x00007ffb0acf0000 - 0x00007ffb0ad21000 	C:\WINDOWS\System32\IMM32.DLL
0x00007ffb03f00000 - 0x00007ffb03f0c000 	c:\Users\ikari\.vscode\extensions\redhat.java-1.41.1-win32-x64\jre\21.0.6-win32-x86_64\bin\vcruntime140_1.dll
0x00007ffae9f90000 - 0x00007ffaea01d000 	c:\Users\ikari\.vscode\extensions\redhat.java-1.41.1-win32-x64\jre\21.0.6-win32-x86_64\bin\msvcp140.dll
0x00007ffa6f950000 - 0x00007ffa706e0000 	c:\Users\ikari\.vscode\extensions\redhat.java-1.41.1-win32-x64\jre\21.0.6-win32-x86_64\bin\server\jvm.dll
0x00007ffb09de0000 - 0x00007ffb09e91000 	C:\WINDOWS\System32\ADVAPI32.dll
0x00007ffb09ea0000 - 0x00007ffb09f47000 	C:\WINDOWS\System32\sechost.dll
0x00007ffb09db0000 - 0x00007ffb09dd8000 	C:\WINDOWS\System32\bcrypt.dll
0x00007ffb0b920000 - 0x00007ffb0ba34000 	C:\WINDOWS\System32\RPCRT4.dll
0x00007ffb0b460000 - 0x00007ffb0b4d1000 	C:\WINDOWS\System32\WS2_32.dll
0x00007ffb08b60000 - 0x00007ffb08bad000 	C:\WINDOWS\SYSTEM32\POWRPROF.dll
0x00007ffaff5c0000 - 0x00007ffaff5f4000 	C:\WINDOWS\SYSTEM32\WINMM.dll
0x00007ffaffab0000 - 0x00007ffaffaba000 	C:\WINDOWS\SYSTEM32\VERSION.dll
0x00007ffb08ae0000 - 0x00007ffb08af3000 	C:\WINDOWS\SYSTEM32\UMPDC.dll
0x00007ffb082a0000 - 0x00007ffb082b8000 	C:\WINDOWS\SYSTEM32\kernel.appcore.dll
0x00007ffaffb90000 - 0x00007ffaffb9a000 	c:\Users\ikari\.vscode\extensions\redhat.java-1.41.1-win32-x64\jre\21.0.6-win32-x86_64\bin\jimage.dll
0x00007ffb06020000 - 0x00007ffb06252000 	C:\WINDOWS\SYSTEM32\DBGHELP.DLL
0x00007ffb0ba40000 - 0x00007ffb0bdd0000 	C:\WINDOWS\System32\combase.dll
0x00007ffb0b6e0000 - 0x00007ffb0b7b7000 	C:\WINDOWS\System32\OLEAUT32.dll
0x00007ffaf5240000 - 0x00007ffaf5272000 	C:\WINDOWS\SYSTEM32\dbgcore.DLL
0x00007ffb09250000 - 0x00007ffb092cb000 	C:\WINDOWS\System32\bcryptPrimitives.dll
0x00007ffaf8920000 - 0x00007ffaf892f000 	c:\Users\ikari\.vscode\extensions\redhat.java-1.41.1-win32-x64\jre\21.0.6-win32-x86_64\bin\instrument.dll
0x00007ffaf80a0000 - 0x00007ffaf80bf000 	c:\Users\ikari\.vscode\extensions\redhat.java-1.41.1-win32-x64\jre\21.0.6-win32-x86_64\bin\java.dll
0x00007ffb0a020000 - 0x00007ffb0a8a8000 	C:\WINDOWS\System32\SHELL32.dll
0x00007ffb092d0000 - 0x00007ffb0940f000 	C:\WINDOWS\System32\wintypes.dll
0x00007ffb07170000 - 0x00007ffb07a7d000 	C:\WINDOWS\SYSTEM32\windows.storage.dll
0x00007ffb0a970000 - 0x00007ffb0aa7a000 	C:\WINDOWS\System32\SHCORE.dll
0x00007ffb09f50000 - 0x00007ffb09fae000 	C:\WINDOWS\System32\shlwapi.dll
0x00007ffb09180000 - 0x00007ffb091ab000 	C:\WINDOWS\SYSTEM32\profapi.dll
0x00007ffaf7e40000 - 0x00007ffaf7e58000 	c:\Users\ikari\.vscode\extensions\redhat.java-1.41.1-win32-x64\jre\21.0.6-win32-x86_64\bin\zip.dll
0x00007ffaf8090000 - 0x00007ffaf80a0000 	C:\Users\ikari\.vscode\extensions\redhat.java-1.41.1-win32-x64\jre\21.0.6-win32-x86_64\bin\net.dll
0x00007ffb04de0000 - 0x00007ffb04f0c000 	C:\WINDOWS\SYSTEM32\WINHTTP.dll
0x00007ffb08710000 - 0x00007ffb0877a000 	C:\WINDOWS\system32\mswsock.dll
0x00007ffaf1f10000 - 0x00007ffaf1f26000 	C:\Users\ikari\.vscode\extensions\redhat.java-1.41.1-win32-x64\jre\21.0.6-win32-x86_64\bin\nio.dll
0x00007ffaf7df0000 - 0x00007ffaf7e00000 	c:\Users\ikari\.vscode\extensions\redhat.java-1.41.1-win32-x64\jre\21.0.6-win32-x86_64\bin\verify.dll
0x00007ffad23c0000 - 0x00007ffad2405000 	C:\Users\ikari\AppData\Roaming\Code\User\globalStorage\redhat.java\1.41.1\config_win\org.eclipse.equinox.launcher\org.eclipse.equinox.launcher.win32.win32.x86_64_1.2.1300.v20250331-1702\eclipse_11911.dll
0x00007ffb0b530000 - 0x00007ffb0b6d1000 	C:\WINDOWS\System32\ole32.dll
0x00007ffb089d0000 - 0x00007ffb089eb000 	C:\WINDOWS\SYSTEM32\CRYPTSP.dll
0x00007ffb08200000 - 0x00007ffb08237000 	C:\WINDOWS\system32\rsaenh.dll
0x00007ffb08870000 - 0x00007ffb08898000 	C:\WINDOWS\SYSTEM32\USERENV.dll
0x00007ffb089f0000 - 0x00007ffb089fc000 	C:\WINDOWS\SYSTEM32\CRYPTBASE.dll
0x00007ffb07cf0000 - 0x00007ffb07d1d000 	C:\WINDOWS\SYSTEM32\IPHLPAPI.DLL
0x00007ffb0a960000 - 0x00007ffb0a969000 	C:\WINDOWS\System32\NSI.dll
0x00007ffad0150000 - 0x00007ffad0199000 	C:\Users\ikari\AppData\Local\Temp\jna-100254198\jna13599094932418049899.dll
0x00007ffb0ab20000 - 0x00007ffb0ab28000 	C:\WINDOWS\System32\PSAPI.DLL
0x00007ffb04bd0000 - 0x00007ffb04be9000 	C:\WINDOWS\SYSTEM32\dhcpcsvc6.DLL
0x00007ffb04af0000 - 0x00007ffb04b0f000 	C:\WINDOWS\SYSTEM32\dhcpcsvc.DLL

dbghelp: loaded successfully - version: 4.0.5 - missing functions: none
symbol engine: initialized successfully - sym options: 0x614 - pdb path: .;c:\Users\ikari\.vscode\extensions\redhat.java-1.41.1-win32-x64\jre\21.0.6-win32-x86_64\bin;C:\WINDOWS\SYSTEM32;C:\WINDOWS\WinSxS\amd64_microsoft.windows.common-controls_6595b64144ccf1df_6.0.22621.4830_none_270fe7d773858e80;c:\Users\ikari\.vscode\extensions\redhat.java-1.41.1-win32-x64\jre\21.0.6-win32-x86_64\bin\server;C:\Users\ikari\AppData\Roaming\Code\User\globalStorage\redhat.java\1.41.1\config_win\org.eclipse.equinox.launcher\org.eclipse.equinox.launcher.win32.win32.x86_64_1.2.1300.v20250331-1702;C:\Users\ikari\AppData\Local\Temp\jna-100254198

VM Arguments:
jvm_args: --add-modules=ALL-SYSTEM --add-opens=java.base/java.util=ALL-UNNAMED --add-opens=java.base/java.lang=ALL-UNNAMED --add-opens=java.base/sun.nio.fs=ALL-UNNAMED -Declipse.application=org.eclipse.jdt.ls.core.id1 -Dosgi.bundles.defaultStartLevel=4 -Declipse.product=org.eclipse.jdt.ls.core.product -Djava.import.generatesMetadataFilesAtProjectRoot=false -DDetectVMInstallationsJob.disabled=true -Dfile.encoding=utf8 -XX:+UseParallelGC -XX:GCTimeRatio=4 -XX:AdaptiveSizePolicyWeight=90 -Dsun.zip.disableMemoryMapping=true -Xmx1G -Xms100m -Xlog:disable -javaagent:c:\Users\ikari\.vscode\extensions\redhat.java-1.41.1-win32-x64\lombok\lombok-1.18.36.jar -XX:+HeapDumpOnOutOfMemoryError -XX:HeapDumpPath=c:\Users\ikari\AppData\Roaming\Code\User\workspaceStorage\ca043f153c2594da2fbf5e302643e48c\redhat.java -Daether.dependencyCollector.impl=bf 
java_command: c:\Users\ikari\.vscode\extensions\redhat.java-1.41.1-win32-x64\server\plugins\org.eclipse.equinox.launcher_1.7.0.v20250331-1702.jar -configuration c:\Users\ikari\AppData\Roaming\Code\User\globalStorage\redhat.java\1.41.1\config_win -data c:\Users\ikari\AppData\Roaming\Code\User\workspaceStorage\ca043f153c2594da2fbf5e302643e48c\redhat.java\jdt_ws --pipe=\\.\pipe\lsp-1a2f6bb058fba8ffbecfc6d819434cc3-sock
java_class_path (initial): c:\Users\ikari\.vscode\extensions\redhat.java-1.41.1-win32-x64\server\plugins\org.eclipse.equinox.launcher_1.7.0.v20250331-1702.jar
Launcher Type: SUN_STANDARD

[Global flags]
    uintx AdaptiveSizePolicyWeight                 = 90                                        {product} {command line}
     intx CICompilerCount                          = 4                                         {product} {ergonomic}
    uintx GCTimeRatio                              = 4                                         {product} {command line}
     bool HeapDumpOnOutOfMemoryError               = true                                   {manageable} {command line}
    ccstr HeapDumpPath                             = c:\Users\ikari\AppData\Roaming\Code\User\workspaceStorage\ca043f153c2594da2fbf5e302643e48c\redhat.java         {manageable} {command line}
   size_t InitialHeapSize                          = 104857600                                 {product} {command line}
   size_t MaxHeapSize                              = 1073741824                                {product} {command line}
   size_t MaxNewSize                               = 357564416                                 {product} {ergonomic}
   size_t MinHeapDeltaBytes                        = 524288                                    {product} {ergonomic}
   size_t MinHeapSize                              = 104857600                                 {product} {command line}
   size_t NewSize                                  = 34603008                                  {product} {ergonomic}
    uintx NonNMethodCodeHeapSize                   = 5839372                                {pd product} {ergonomic}
    uintx NonProfiledCodeHeapSize                  = 122909434                              {pd product} {ergonomic}
   size_t OldSize                                  = 70254592                                  {product} {ergonomic}
    uintx ProfiledCodeHeapSize                     = 122909434                              {pd product} {ergonomic}
    uintx ReservedCodeCacheSize                    = 251658240                              {pd product} {ergonomic}
     bool SegmentedCodeCache                       = true                                      {product} {ergonomic}
   size_t SoftMaxHeapSize                          = 1073741824                             {manageable} {ergonomic}
     bool UseCompressedOops                        = true                           {product lp64_product} {ergonomic}
     bool UseLargePagesIndividualAllocation        = false                                  {pd product} {ergonomic}
     bool UseParallelGC                            = true                                      {product} {command line}

Logging:
Log output configuration:
 #0: stdout all=off uptime,level,tags foldmultilines=false
 #1: stderr all=off uptime,level,tags foldmultilines=false

Environment Variables:
PATH=C:\Users\ikari\AppData\Local\cloud-code\installer\google-cloud-sdk\bin;C:\Program Files (x86)\Rockwell Software\RSCommon;C:\Program Files (x86)\VMware\VMware Workstation\bin\;C:\Program Files\Python312\Scripts\;C:\Program Files\Python312\;C:\Program Files\Common Files\Oracle\Java\javapath;C:\WINDOWS\system32;C:\WINDOWS;C:\WINDOWS\System32\Wbem;C:\WINDOWS\System32\WindowsPowerShell\v1.0\;C:\WINDOWS\System32\OpenSSH\;C:\Program Files\dotnet\;C:\Program Files\WinMerge;C:\ProgramData\chocolatey\bin;C:\Program Files\Microsoft SQL Server\150\Tools\Binn\;C:\Program Files\Microsoft SQL Server\Client SDK\ODBC\170\Tools\Binn\;C:\Program Files (x86)\Incredibuild;C:\Program Files (x86)\Windows Kits\10\Windows Performance Toolkit\;C:\Program Files\PostgreSQL\16\scripts;C:\Users\ikari\AppData\Local\ms-playwright;C:\TDM-GCC-64\bin;C:\Program Files\kotlinc\bin;C:\Program Files\MiKTeX\miktex\bin\x64\;C:\Program Files\MiKTeX\miktex\bin\x64;C:\Program Files\php;C:\ProgramData\ComposerSetup\bin;C:\Program Files\Git\cmd;C:\Users\ikari\AppData\Local\nvm;C:\nvm4w\nodejs;C:\Program Files\MySQL\MySQL Shell 8.0\bin\;C:\Users\ikari\AppData\Local\Microsoft\WindowsApps;C:\Users\ikari\AppData\Local\GitHubDesktop\bin;C:\Users\ikari\AppData\Local\Programs\Microsoft VS Code\bin;C:\Users\ikari\.dotnet\tools;C:\Users\ikari\AppData\Local\JetBrains\Toolbox\scripts;C:\Users\ikari\AppData\Local\Microsoft\WindowsApps;C:\Users\ikari\Desktop\ngrok-v3-stable-windows-amd64;C:\Users\ikari\AppData\Local\Programs\mongosh\;C:\Users\ikari\AppData\Local\Google\Cloud SDK\google-cloud-sdk\bin;C:\Users\ikari\AppData\Roaming\Composer\vendor\bin;C:\Users\ikari\AppData\Local\nvm;C:\nvm4w\nodejs;C:\Users\ikari\AppData\Local\Google\Cloud SDK\google-cloud-sdk\bin;C:\Program Files (x86)\Google\Cloud SDK\google-cloud-sdk\bin;C:\Program Files\Google\Cloud SDK\google-cloud-sdk\bin
USERNAME=ikari
OS=Windows_NT
PROCESSOR_IDENTIFIER=AMD64 Family 23 Model 96 Stepping 1, AuthenticAMD
TMP=C:\Users\ikari\AppData\Local\Temp
TEMP=C:\Users\ikari\AppData\Local\Temp




Periodic native trim disabled

---------------  S Y S T E M  ---------------

OS:
 Windows 11 , 64 bit Build 22621 (10.0.22621.4974)
OS uptime: 1 days 18:07 hours
Hyper-V role detected

CPU: total 8 (initial active 8) (8 cores per cpu, 1 threads per core) family 23 model 96 stepping 1 microcode 0x0, cx8, cmov, fxsr, mmx, 3dnowpref, sse, sse2, sse3, ssse3, sse4a, sse4.1, sse4.2, popcnt, lzcnt, tsc, tscinvbit, avx, avx2, aes, clmul, bmi1, bmi2, adx, sha, fma, vzeroupper, clflush, clflushopt, hv, rdtscp, rdpid, f16c
Processor Information for the first 8 processors :
  Max Mhz: 2000, Current Mhz: 2000, Mhz Limit: 2000

Memory: 4k page, system-wide physical 7549M (220M free)
TotalPageFile size 31101M (AvailPageFile size 0M)
current process WorkingSet (physical memory assigned to process): 178M, peak: 181M
current process commit charge ("private bytes"): 271M, peak: 275M

vm_info: OpenJDK 64-Bit Server VM (21.0.6+7-LTS) for windows-amd64 JRE (21.0.6+7-LTS), built on 2025-01-21T00:00:00Z by "admin" with MS VC++ 17.7 (VS2022)

END.
